Component: ARM Compiler 5.06 update 7 (build 960) Tool: armlink [4d3601]

==============================================================================

Section Cross References

    startup_lpc17xx.o(STACK) refers (Special) to heapauxi.o(.text) for __use_two_region_memory
    startup_lpc17xx.o(HEAP) refers (Special) to heapauxi.o(.text) for __use_two_region_memory
    startup_lpc17xx.o(RESET) refers (Special) to heapauxi.o(.text) for __use_two_region_memory
    startup_lpc17xx.o(RESET) refers to startup_lpc17xx.o(STACK) for __initial_sp
    startup_lpc17xx.o(RESET) refers to startup_lpc17xx.o(.text) for Reset_Handler
    startup_lpc17xx.o(RESET) refers to irq_timer.o(.text) for TIMER0_IRQHandler
    startup_lpc17xx.o(RESET) refers to irq_adc.o(.text) for ADC_IRQHandler
    startup_lpc17xx.o(RESET) refers to irq_rit.o(.text) for RIT_IRQHandler
    startup_lpc17xx.o(.ARM.__at_0x02FC) refers (Special) to heapauxi.o(.text) for __use_two_region_memory
    startup_lpc17xx.o(.text) refers (Special) to heapauxi.o(.text) for __use_two_region_memory
    startup_lpc17xx.o(.text) refers to __main.o(!!!main) for __main
    startup_lpc17xx.o(.text) refers to startup_lpc17xx.o(HEAP) for Heap_Mem
    startup_lpc17xx.o(.text) refers to startup_lpc17xx.o(STACK) for Stack_Mem
    sample.o(.text) refers to glcd.o(.text) for drawRect
    sample.o(.text) refers to system_lpc17xx.o(.text) for SystemInit
    sample.o(.text) refers to touchpanel.o(.text) for TP_Init
    sample.o(.text) refers to lib_joystick.o(.text) for joystick_init
    sample.o(.text) refers to lib_adc.o(.text) for ADC_init
    sample.o(.text) refers to lib_timer.o(.text) for init_timer
    sample.o(.text) refers to lib_rit.o(.text) for init_RIT
    sample.o(.text) refers to sample.o(.data) for volume
    system_lpc17xx.o(.text) refers to system_lpc17xx.o(.data) for SystemFrequency
    irq_timer.o(.text) refers to _printf_percent.o(.ARM.Collect$$_printf_percent$$00000000) for _printf_percent
    irq_timer.o(.text) refers to _printf_d.o(.ARM.Collect$$_printf_percent$$00000009) for _printf_d
    irq_timer.o(.text) refers to _printf_dec.o(.text) for _printf_int_dec
    irq_timer.o(.text) refers to glcd.o(.text) for GUI_Text
    irq_timer.o(.text) refers to noretval__2sprintf.o(.text) for __2sprintf
    irq_timer.o(.text) refers to sample.o(.text) for drawT
    irq_timer.o(.text) refers to lib_timer.o(.text) for reset_timer
    irq_timer.o(.text) refers to lib_rit.o(.text) for disable_RIT
    irq_timer.o(.text) refers to sample.o(.data) for secondi
    irq_timer.o(.text) refers to irq_timer.o(.bss) for tempo
    irq_timer.o(.text) refers to irq_timer.o(.data) for type
    irq_timer.o(.text) refers to touchpanel.o(.text) for Read_Ads7846
    irq_timer.o(.text) refers to irq_rit.o(.data) for selected
    irq_timer.o(.text) refers to touchpanel.o(.bss) for matrix
    irq_timer.o(.text) refers to touchpanel.o(.data) for display
    irq_timer.o(.text) refers to irq_adc.o(.data) for volume_bar
    touchpanel.o(.text) refers to glcd.o(.text) for LCD_SetPoint
    touchpanel.o(.text) refers to rt_memclr_w.o(.text) for __aeabi_memclr4
    touchpanel.o(.text) refers to dflt_clz.o(x$fpl$dflt) for __aeabi_i2d
    touchpanel.o(.text) refers to deqf.o(x$fpl$deqf) for __aeabi_cdcmpeq
    touchpanel.o(.text) refers to dflt_clz.o(x$fpl$dfltu) for __aeabi_ui2d
    touchpanel.o(.text) refers to dmul.o(x$fpl$dmul) for __aeabi_dmul
    touchpanel.o(.text) refers to daddsub_clz.o(x$fpl$dadd) for __aeabi_dadd
    touchpanel.o(.text) refers to ddiv.o(x$fpl$ddiv) for __aeabi_ddiv
    touchpanel.o(.text) refers to dfixu.o(x$fpl$dfixu) for __aeabi_d2uiz
    touchpanel.o(.text) refers to touchpanel.o(.data) for screen
    touchpanel.o(.text) refers to touchpanel.o(.bss) for ScreenSample
    asciilib.o(.text) refers to rt_memcpy_v6.o(.text) for __aeabi_memcpy
    asciilib.o(.text) refers to asciilib.o(.constdata) for AsciiLib
    glcd.o(.text) refers to glcd.o(.data) for LCD_Code
    glcd.o(.text) refers to asciilib.o(.text) for GetASCIICode
    hzlib.o(.text) refers to rt_memcpy_v6.o(.text) for __aeabi_memcpy
    hzlib.o(.text) refers to hzlib.o(.constdata) for HzLib
    irq_rit.o(.text) refers to lib_adc.o(.text) for ADC_start_conversion
    irq_rit.o(.text) refers to lib_rit.o(.text) for reset_RIT
    irq_rit.o(.text) refers to lib_timer.o(.text) for init_timer
    irq_rit.o(.text) refers to glcd.o(.text) for GUI_Text
    irq_rit.o(.text) refers to sample.o(.text) for drawT
    irq_rit.o(.text) refers to irq_rit.o(.data) for timerset
    irq_rit.o(.text) refers to irq_timer.o(.data) for not_dead
    irq_rit.o(.text) refers to sample.o(.data) for satiety
    irq_adc.o(.text) refers to glcd.o(.text) for drawRect
    irq_adc.o(.text) refers to lib_rit.o(.text) for reset_RIT
    irq_adc.o(.text) refers to irq_adc.o(.data) for AD_current
    __2sprintf.o(.text) refers to _printf_char_common.o(.text) for _printf_char_common
    __2sprintf.o(.text) refers to _sputc.o(.text) for _sputc
    noretval__2sprintf.o(.text) refers to _printf_char_common.o(.text) for _printf_char_common
    noretval__2sprintf.o(.text) refers to _sputc.o(.text) for _sputc
    __printf.o(.text) refers to _printf_percent.o(.ARM.Collect$$_printf_percent$$00000000) for _printf_percent
    _printf_dec.o(.text) refers to _printf_intcommon.o(.text) for _printf_int_common
    __printf_flags.o(.text) refers to _printf_percent.o(.ARM.Collect$$_printf_percent$$00000000) for _printf_percent
    __printf_flags.o(.text) refers to __printf_flags.o(.constdata) for .constdata
    __printf_ss.o(.text) refers to _printf_percent.o(.ARM.Collect$$_printf_percent$$00000000) for _printf_percent
    __printf_flags_ss.o(.text) refers to _printf_percent.o(.ARM.Collect$$_printf_percent$$00000000) for _printf_percent
    __printf_flags_ss.o(.text) refers to __printf_flags_ss.o(.constdata) for .constdata
    __printf_wp.o(.text) refers to __printf_wp.o(i._is_digit) for _is_digit
    __printf_wp.o(.text) refers to _printf_percent.o(.ARM.Collect$$_printf_percent$$00000000) for _printf_percent
    __printf_flags_wp.o(.text) refers to __printf_wp.o(i._is_digit) for _is_digit
    __printf_flags_wp.o(.text) refers to _printf_percent.o(.ARM.Collect$$_printf_percent$$00000000) for _printf_percent
    __printf_flags_wp.o(.text) refers to __printf_flags_wp.o(.constdata) for .constdata
    __printf_ss_wp.o(.text) refers to __printf_wp.o(i._is_digit) for _is_digit
    __printf_ss_wp.o(.text) refers to _printf_percent.o(.ARM.Collect$$_printf_percent$$00000000) for _printf_percent
    __printf_flags_ss_wp.o(.text) refers to __printf_wp.o(i._is_digit) for _is_digit
    __printf_flags_ss_wp.o(.text) refers to _printf_percent.o(.ARM.Collect$$_printf_percent$$00000000) for _printf_percent
    __printf_flags_ss_wp.o(.text) refers to __printf_flags_ss_wp.o(.constdata) for .constdata
    _printf_d.o(.ARM.Collect$$_printf_percent$$00000009) refers (Weak) to _printf_dec.o(.text) for _printf_int_dec
    _printf_percent.o(.ARM.Collect$$_printf_percent$$00000000) refers (Special) to _printf_percent_end.o(.ARM.Collect$$_printf_percent$$00000017) for _printf_percent_end
    rt_memcpy_v6.o(.text) refers to rt_memcpy_w.o(.text) for __aeabi_memcpy4
    __main.o(!!!main) refers to __rtentry.o(.ARM.Collect$$rtentry$$00000000) for __rt_entry
    daddsub_clz.o(x$fpl$dadd) refers (Special) to usenofp.o(x$fpl$usenofp) for __I$use$fp
    daddsub_clz.o(x$fpl$dadd) refers to daddsub_clz.o(x$fpl$dsub) for _dsub1
    daddsub_clz.o(x$fpl$dadd) refers to dretinf.o(x$fpl$dretinf) for __fpl_dretinf
    daddsub_clz.o(x$fpl$dadd) refers to dnaninf.o(x$fpl$dnaninf) for __fpl_dnaninf
    daddsub_clz.o(x$fpl$drsb) refers (Special) to usenofp.o(x$fpl$usenofp) for __I$use$fp
    daddsub_clz.o(x$fpl$drsb) refers to daddsub_clz.o(x$fpl$dadd) for _dadd1
    daddsub_clz.o(x$fpl$drsb) refers to daddsub_clz.o(x$fpl$dsub) for _dsub1
    daddsub_clz.o(x$fpl$dsub) refers (Special) to usenofp.o(x$fpl$usenofp) for __I$use$fp
    daddsub_clz.o(x$fpl$dsub) refers to daddsub_clz.o(x$fpl$dadd) for _dadd1
    daddsub_clz.o(x$fpl$dsub) refers to dnaninf.o(x$fpl$dnaninf) for __fpl_dnaninf
    ddiv.o(x$fpl$drdiv) refers (Special) to usenofp.o(x$fpl$usenofp) for __I$use$fp
    ddiv.o(x$fpl$drdiv) refers to ddiv.o(x$fpl$ddiv) for ddiv_entry
    ddiv.o(x$fpl$ddiv) refers (Special) to usenofp.o(x$fpl$usenofp) for __I$use$fp
    ddiv.o(x$fpl$ddiv) refers to dretinf.o(x$fpl$dretinf) for __fpl_dretinf
    ddiv.o(x$fpl$ddiv) refers to dnaninf.o(x$fpl$dnaninf) for __fpl_dnaninf
    deqf.o(x$fpl$deqf) refers (Special) to usenofp.o(x$fpl$usenofp) for __I$use$fp
    deqf.o(x$fpl$deqf) refers to dnaninf.o(x$fpl$dnaninf) for __fpl_dnaninf
    deqf.o(x$fpl$deqf) refers to dcmpi.o(x$fpl$dcmpinf) for __fpl_dcmp_Inf
    dfixu.o(x$fpl$dfixu) refers (Special) to usenofp.o(x$fpl$usenofp) for __I$use$fp
    dfixu.o(x$fpl$dfixu) refers to dnaninf.o(x$fpl$dnaninf) for __fpl_dnaninf
    dfixu.o(x$fpl$dfixur) refers (Special) to usenofp.o(x$fpl$usenofp) for __I$use$fp
    dfixu.o(x$fpl$dfixur) refers to dnaninf.o(x$fpl$dnaninf) for __fpl_dnaninf
    dflt_clz.o(x$fpl$dfltu) refers (Special) to usenofp.o(x$fpl$usenofp) for __I$use$fp
    dflt_clz.o(x$fpl$dflt) refers (Special) to usenofp.o(x$fpl$usenofp) for __I$use$fp
    dflt_clz.o(x$fpl$dfltn) refers (Special) to usenofp.o(x$fpl$usenofp) for __I$use$fp
    dmul.o(x$fpl$dmul) refers (Special) to usenofp.o(x$fpl$usenofp) for __I$use$fp
    dmul.o(x$fpl$dmul) refers to dretinf.o(x$fpl$dretinf) for __fpl_dretinf
    dmul.o(x$fpl$dmul) refers to dnaninf.o(x$fpl$dnaninf) for __fpl_dnaninf
    __rtentry.o(.ARM.Collect$$rtentry$$00000000) refers (Special) to __rtentry2.o(.ARM.Collect$$rtentry$$0000000A) for __rt_entry_li
    __rtentry.o(.ARM.Collect$$rtentry$$00000000) refers (Special) to __rtentry2.o(.ARM.Collect$$rtentry$$0000000D) for __rt_entry_main
    __rtentry.o(.ARM.Collect$$rtentry$$00000000) refers (Special) to __rtentry2.o(.ARM.Collect$$rtentry$$0000000C) for __rt_entry_postli_1
    __rtentry.o(.ARM.Collect$$rtentry$$00000000) refers (Special) to __rtentry2.o(.ARM.Collect$$rtentry$$00000009) for __rt_entry_postsh_1
    __rtentry.o(.ARM.Collect$$rtentry$$00000000) refers (Special) to __rtentry2.o(.ARM.Collect$$rtentry$$00000002) for __rt_entry_presh_1
    __rtentry.o(.ARM.Collect$$rtentry$$00000000) refers (Special) to __rtentry4.o(.ARM.Collect$$rtentry$$00000004) for __rt_entry_sh
    _printf_char_common.o(.text) refers to __printf.o(.text) for __printf
    dcmpi.o(x$fpl$dcmpinf) refers (Special) to usenofp.o(x$fpl$usenofp) for __I$use$fp
    dnaninf.o(x$fpl$dnaninf) refers (Special) to usenofp.o(x$fpl$usenofp) for __I$use$fp
    dretinf.o(x$fpl$dretinf) refers (Special) to usenofp.o(x$fpl$usenofp) for __I$use$fp
    __rtentry2.o(.ARM.Collect$$rtentry$$00000008) refers to boardinit2.o(.text) for _platform_post_stackheap_init
    __rtentry2.o(.ARM.Collect$$rtentry$$0000000A) refers to libinit.o(.ARM.Collect$$libinit$$00000000) for __rt_lib_init
    __rtentry2.o(.ARM.Collect$$rtentry$$0000000B) refers to boardinit3.o(.text) for _platform_post_lib_init
    __rtentry2.o(.ARM.Collect$$rtentry$$0000000D) refers to sample.o(.text) for main
    __rtentry2.o(.ARM.Collect$$rtentry$$0000000D) refers to exit.o(.text) for exit
    __rtentry2.o(.ARM.exidx) refers to __rtentry2.o(.ARM.Collect$$rtentry$$00000001) for .ARM.Collect$$rtentry$$00000001
    __rtentry2.o(.ARM.exidx) refers to __rtentry2.o(.ARM.Collect$$rtentry$$00000008) for .ARM.Collect$$rtentry$$00000008
    __rtentry2.o(.ARM.exidx) refers to __rtentry2.o(.ARM.Collect$$rtentry$$0000000A) for .ARM.Collect$$rtentry$$0000000A
    __rtentry2.o(.ARM.exidx) refers to __rtentry2.o(.ARM.Collect$$rtentry$$0000000B) for .ARM.Collect$$rtentry$$0000000B
    __rtentry2.o(.ARM.exidx) refers to __rtentry2.o(.ARM.Collect$$rtentry$$0000000D) for .ARM.Collect$$rtentry$$0000000D
    __rtentry4.o(.ARM.Collect$$rtentry$$00000004) refers to sys_stackheap_outer.o(.text) for __user_setup_stackheap
    __rtentry4.o(.ARM.exidx) refers to __rtentry4.o(.ARM.Collect$$rtentry$$00000004) for .ARM.Collect$$rtentry$$00000004
    sys_stackheap_outer.o(.text) refers to libspace.o(.text) for __user_perproc_libspace
    sys_stackheap_outer.o(.text) refers to startup_lpc17xx.o(.text) for __user_initial_stackheap
    exit.o(.text) refers to rtexit.o(.ARM.Collect$$rtexit$$00000000) for __rt_exit
    libinit.o(.ARM.Collect$$libinit$$00000000) refers (Special) to libinit2.o(.ARM.Collect$$libinit$$0000002E) for __rt_lib_init_alloca_1
    libinit.o(.ARM.Collect$$libinit$$00000000) refers (Special) to libinit2.o(.ARM.Collect$$libinit$$0000002C) for __rt_lib_init_argv_1
    libinit.o(.ARM.Collect$$libinit$$00000000) refers (Special) to libinit2.o(.ARM.Collect$$libinit$$0000001B) for __rt_lib_init_atexit_1
    libinit.o(.ARM.Collect$$libinit$$00000000) refers (Special) to libinit2.o(.ARM.Collect$$libinit$$00000021) for __rt_lib_init_clock_1
    libinit.o(.ARM.Collect$$libinit$$00000000) refers (Special) to libinit2.o(.ARM.Collect$$libinit$$00000032) for __rt_lib_init_cpp_1
    libinit.o(.ARM.Collect$$libinit$$00000000) refers (Special) to libinit2.o(.ARM.Collect$$libinit$$00000030) for __rt_lib_init_exceptions_1
    libinit.o(.ARM.Collect$$libinit$$00000000) refers (Special) to libinit2.o(.ARM.Collect$$libinit$$00000002) for __rt_lib_init_fp_1
    libinit.o(.ARM.Collect$$libinit$$00000000) refers (Special) to libinit2.o(.ARM.Collect$$libinit$$0000001F) for __rt_lib_init_fp_trap_1
    libinit.o(.ARM.Collect$$libinit$$00000000) refers (Special) to libinit2.o(.ARM.Collect$$libinit$$00000023) for __rt_lib_init_getenv_1
    libinit.o(.ARM.Collect$$libinit$$00000000) refers (Special) to libinit2.o(.ARM.Collect$$libinit$$0000000A) for __rt_lib_init_heap_1
    libinit.o(.ARM.Collect$$libinit$$00000000) refers (Special) to libinit2.o(.ARM.Collect$$libinit$$00000011) for __rt_lib_init_lc_collate_1
    libinit.o(.ARM.Collect$$libinit$$00000000) refers (Special) to libinit2.o(.ARM.Collect$$libinit$$00000013) for __rt_lib_init_lc_ctype_1
    libinit.o(.ARM.Collect$$libinit$$00000000) refers (Special) to libinit2.o(.ARM.Collect$$libinit$$00000015) for __rt_lib_init_lc_monetary_1
    libinit.o(.ARM.Collect$$libinit$$00000000) refers (Special) to libinit2.o(.ARM.Collect$$libinit$$00000017) for __rt_lib_init_lc_numeric_1
    libinit.o(.ARM.Collect$$libinit$$00000000) refers (Special) to libinit2.o(.ARM.Collect$$libinit$$00000019) for __rt_lib_init_lc_time_1
    libinit.o(.ARM.Collect$$libinit$$00000000) refers (Special) to libinit2.o(.ARM.Collect$$libinit$$00000004) for __rt_lib_init_preinit_1
    libinit.o(.ARM.Collect$$libinit$$00000000) refers (Special) to libinit2.o(.ARM.Collect$$libinit$$0000000E) for __rt_lib_init_rand_1
    libinit.o(.ARM.Collect$$libinit$$00000000) refers (Special) to libinit2.o(.ARM.Collect$$libinit$$00000033) for __rt_lib_init_return
    libinit.o(.ARM.Collect$$libinit$$00000000) refers (Special) to libinit2.o(.ARM.Collect$$libinit$$0000001D) for __rt_lib_init_signal_1
    libinit.o(.ARM.Collect$$libinit$$00000000) refers (Special) to libinit2.o(.ARM.Collect$$libinit$$00000025) for __rt_lib_init_stdio_1
    libinit.o(.ARM.Collect$$libinit$$00000000) refers (Special) to libinit2.o(.ARM.Collect$$libinit$$0000000C) for __rt_lib_init_user_alloc_1
    libspace.o(.text) refers to libspace.o(.bss) for __libspace_start
    rtexit.o(.ARM.Collect$$rtexit$$00000000) refers (Special) to rtexit2.o(.ARM.Collect$$rtexit$$00000004) for __rt_exit_exit
    rtexit.o(.ARM.Collect$$rtexit$$00000000) refers (Special) to rtexit2.o(.ARM.Collect$$rtexit$$00000003) for __rt_exit_ls
    rtexit.o(.ARM.Collect$$rtexit$$00000000) refers (Special) to rtexit2.o(.ARM.Collect$$rtexit$$00000002) for __rt_exit_prels_1
    rtexit.o(.ARM.exidx) refers (Special) to rtexit2.o(.ARM.Collect$$rtexit$$00000004) for __rt_exit_exit
    rtexit.o(.ARM.exidx) refers (Special) to rtexit2.o(.ARM.Collect$$rtexit$$00000003) for __rt_exit_ls
    rtexit.o(.ARM.exidx) refers (Special) to rtexit2.o(.ARM.Collect$$rtexit$$00000002) for __rt_exit_prels_1
    rtexit.o(.ARM.exidx) refers to rtexit.o(.ARM.Collect$$rtexit$$00000000) for .ARM.Collect$$rtexit$$00000000
    libinit2.o(.ARM.Collect$$libinit$$00000010) refers to libinit2.o(.ARM.Collect$$libinit$$0000000F) for .ARM.Collect$$libinit$$0000000F
    libinit2.o(.ARM.Collect$$libinit$$00000012) refers to libinit2.o(.ARM.Collect$$libinit$$0000000F) for .ARM.Collect$$libinit$$0000000F
    libinit2.o(.ARM.Collect$$libinit$$00000014) refers to libinit2.o(.ARM.Collect$$libinit$$0000000F) for .ARM.Collect$$libinit$$0000000F
    libinit2.o(.ARM.Collect$$libinit$$00000016) refers to libinit2.o(.ARM.Collect$$libinit$$0000000F) for .ARM.Collect$$libinit$$0000000F
    libinit2.o(.ARM.Collect$$libinit$$00000018) refers to libinit2.o(.ARM.Collect$$libinit$$0000000F) for .ARM.Collect$$libinit$$0000000F
    libinit2.o(.ARM.Collect$$libinit$$00000026) refers to argv_veneer.o(.emb_text) for __ARM_argv_veneer
    libinit2.o(.ARM.Collect$$libinit$$00000027) refers to argv_veneer.o(.emb_text) for __ARM_argv_veneer
    rtexit2.o(.ARM.Collect$$rtexit$$00000003) refers to libshutdown.o(.ARM.Collect$$libshutdown$$00000000) for __rt_lib_shutdown
    rtexit2.o(.ARM.Collect$$rtexit$$00000004) refers to sys_exit.o(.text) for _sys_exit
    rtexit2.o(.ARM.exidx) refers to rtexit2.o(.ARM.Collect$$rtexit$$00000001) for .ARM.Collect$$rtexit$$00000001
    rtexit2.o(.ARM.exidx) refers to rtexit2.o(.ARM.Collect$$rtexit$$00000003) for .ARM.Collect$$rtexit$$00000003
    rtexit2.o(.ARM.exidx) refers to rtexit2.o(.ARM.Collect$$rtexit$$00000004) for .ARM.Collect$$rtexit$$00000004
    argv_veneer.o(.emb_text) refers to no_argv.o(.text) for __ARM_get_argv
    sys_exit.o(.text) refers (Special) to use_no_semi.o(.text) for __I$use$semihosting
    sys_exit.o(.text) refers (Special) to indicate_semi.o(.text) for __semihosting_library_function
    _get_argv_nomalloc.o(.text) refers (Special) to hrguard.o(.text) for __heap_region$guard
    _get_argv_nomalloc.o(.text) refers to defsig_rtmem_outer.o(.text) for __rt_SIGRTMEM
    _get_argv_nomalloc.o(.text) refers to sys_command.o(.text) for _sys_command_string
    libshutdown.o(.ARM.Collect$$libshutdown$$00000000) refers (Special) to libshutdown2.o(.ARM.Collect$$libshutdown$$00000004) for __rt_lib_shutdown_cpp_1
    libshutdown.o(.ARM.Collect$$libshutdown$$00000000) refers (Special) to libshutdown2.o(.ARM.Collect$$libshutdown$$00000002) for __rt_lib_shutdown_fini_1
    libshutdown.o(.ARM.Collect$$libshutdown$$00000000) refers (Special) to libshutdown2.o(.ARM.Collect$$libshutdown$$00000009) for __rt_lib_shutdown_fp_trap_1
    libshutdown.o(.ARM.Collect$$libshutdown$$00000000) refers (Special) to libshutdown2.o(.ARM.Collect$$libshutdown$$00000011) for __rt_lib_shutdown_heap_1
    libshutdown.o(.ARM.Collect$$libshutdown$$00000000) refers (Special) to libshutdown2.o(.ARM.Collect$$libshutdown$$00000012) for __rt_lib_shutdown_return
    libshutdown.o(.ARM.Collect$$libshutdown$$00000000) refers (Special) to libshutdown2.o(.ARM.Collect$$libshutdown$$0000000C) for __rt_lib_shutdown_signal_1
    libshutdown.o(.ARM.Collect$$libshutdown$$00000000) refers (Special) to libshutdown2.o(.ARM.Collect$$libshutdown$$00000006) for __rt_lib_shutdown_stdio_1
    libshutdown.o(.ARM.Collect$$libshutdown$$00000000) refers (Special) to libshutdown2.o(.ARM.Collect$$libshutdown$$0000000E) for __rt_lib_shutdown_user_alloc_1
    sys_command.o(.text) refers (Special) to use_no_semi.o(.text) for __I$use$semihosting
    sys_command.o(.text) refers (Special) to indicate_semi.o(.text) for __semihosting_library_function
    defsig_rtmem_outer.o(.text) refers to defsig_rtmem_inner.o(.text) for __rt_SIGRTMEM_inner
    defsig_rtmem_outer.o(.text) refers to defsig_exit.o(.text) for __sig_exit
    defsig_rtmem_formal.o(.text) refers to rt_raise.o(.text) for __rt_raise
    rt_raise.o(.text) refers to __raise.o(.text) for __raise
    rt_raise.o(.text) refers to sys_exit.o(.text) for _sys_exit
    defsig_exit.o(.text) refers to sys_exit.o(.text) for _sys_exit
    defsig_rtmem_inner.o(.text) refers to defsig_general.o(.text) for __default_signal_display
    __raise.o(.text) refers to defsig.o(CL$$defsig) for __default_signal_handler
    defsig_general.o(.text) refers to sys_wrch.o(.text) for _ttywrch
    sys_wrch.o(.text) refers (Special) to use_no_semi.o(.text) for __I$use$semihosting
    sys_wrch.o(.text) refers (Special) to indicate_semi.o(.text) for __semihosting_library_function
    defsig.o(CL$$defsig) refers to defsig_rtmem_inner.o(.text) for __rt_SIGRTMEM_inner
    defsig_abrt_inner.o(.text) refers to defsig_general.o(.text) for __default_signal_display
    defsig_fpe_inner.o(.text) refers to defsig_general.o(.text) for __default_signal_display
    defsig_rtred_inner.o(.text) refers to defsig_general.o(.text) for __default_signal_display
    defsig_stak_inner.o(.text) refers to defsig_general.o(.text) for __default_signal_display
    defsig_pvfn_inner.o(.text) refers to defsig_general.o(.text) for __default_signal_display
    defsig_cppl_inner.o(.text) refers to defsig_general.o(.text) for __default_signal_display
    defsig_segv_inner.o(.text) refers to defsig_general.o(.text) for __default_signal_display
    defsig_other.o(.text) refers to defsig_general.o(.text) for __default_signal_display


==============================================================================

Removing Unused input sections from the image.

    Removing sample.o(.rev16_text), (4 bytes).
    Removing sample.o(.revsh_text), (4 bytes).
    Removing sample.o(.rrx_text), (6 bytes).
    Removing core_cm3.o(.emb_text), (32 bytes).
    Removing system_lpc17xx.o(.rev16_text), (4 bytes).
    Removing system_lpc17xx.o(.revsh_text), (4 bytes).
    Removing system_lpc17xx.o(.rrx_text), (6 bytes).
    Removing irq_timer.o(.rev16_text), (4 bytes).
    Removing irq_timer.o(.revsh_text), (4 bytes).
    Removing irq_timer.o(.rrx_text), (6 bytes).
    Removing lib_timer.o(.rev16_text), (4 bytes).
    Removing lib_timer.o(.revsh_text), (4 bytes).
    Removing lib_timer.o(.rrx_text), (6 bytes).
    Removing touchpanel.o(.rev16_text), (4 bytes).
    Removing touchpanel.o(.revsh_text), (4 bytes).
    Removing touchpanel.o(.rrx_text), (6 bytes).
    Removing funct_joystick.o(.rev16_text), (4 bytes).
    Removing funct_joystick.o(.revsh_text), (4 bytes).
    Removing funct_joystick.o(.rrx_text), (6 bytes).
    Removing funct_joystick.o(.text), (2 bytes).
    Removing lib_joystick.o(.rev16_text), (4 bytes).
    Removing lib_joystick.o(.revsh_text), (4 bytes).
    Removing lib_joystick.o(.rrx_text), (6 bytes).
    Removing glcd.o(.rev16_text), (4 bytes).
    Removing glcd.o(.revsh_text), (4 bytes).
    Removing glcd.o(.rrx_text), (6 bytes).
    Removing hzlib.o(.text), (52 bytes).
    Removing hzlib.o(.constdata), (216576 bytes).
    Removing irq_rit.o(.rev16_text), (4 bytes).
    Removing irq_rit.o(.revsh_text), (4 bytes).
    Removing irq_rit.o(.rrx_text), (6 bytes).
    Removing lib_rit.o(.rev16_text), (4 bytes).
    Removing lib_rit.o(.revsh_text), (4 bytes).
    Removing lib_rit.o(.rrx_text), (6 bytes).
    Removing irq_adc.o(.rev16_text), (4 bytes).
    Removing irq_adc.o(.revsh_text), (4 bytes).
    Removing irq_adc.o(.rrx_text), (6 bytes).
    Removing lib_adc.o(.rev16_text), (4 bytes).
    Removing lib_adc.o(.revsh_text), (4 bytes).
    Removing lib_adc.o(.rrx_text), (6 bytes).

40 unused section(s) (total 216830 bytes) removed from the image.

==============================================================================

Image Symbol Table

    Local Symbols

    Symbol Name                              Value     Ov Type        Size  Object(Section)

    RESET                                    0x00000000   Section      204  startup_lpc17xx.o(RESET)
    ../clib/angel/boardlib.s                 0x00000000   Number         0  boardshut.o ABSOLUTE
    ../clib/angel/boardlib.s                 0x00000000   Number         0  boardinit1.o ABSOLUTE
    ../clib/angel/boardlib.s                 0x00000000   Number         0  boardinit2.o ABSOLUTE
    ../clib/angel/boardlib.s                 0x00000000   Number         0  boardinit3.o ABSOLUTE
    ../clib/angel/dclz77c.s                  0x00000000   Number         0  __dclz77c.o ABSOLUTE
    ../clib/angel/handlers.s                 0x00000000   Number         0  __scatter_zi.o ABSOLUTE
    ../clib/angel/handlers.s                 0x00000000   Number         0  __scatter_copy.o ABSOLUTE
    ../clib/angel/kernel.s                   0x00000000   Number         0  rtexit.o ABSOLUTE
    ../clib/angel/kernel.s                   0x00000000   Number         0  rtexit2.o ABSOLUTE
    ../clib/angel/kernel.s                   0x00000000   Number         0  __rtentry4.o ABSOLUTE
    ../clib/angel/kernel.s                   0x00000000   Number         0  __rtentry2.o ABSOLUTE
    ../clib/angel/kernel.s                   0x00000000   Number         0  __rtentry.o ABSOLUTE
    ../clib/angel/rt.s                       0x00000000   Number         0  rt_raise.o ABSOLUTE
    ../clib/angel/scatter.s                  0x00000000   Number         0  __scatter.o ABSOLUTE
    ../clib/angel/startup.s                  0x00000000   Number         0  __main.o ABSOLUTE
    ../clib/angel/sys.s                      0x00000000   Number         0  sys_stackheap_outer.o ABSOLUTE
    ../clib/angel/sys.s                      0x00000000   Number         0  use_no_semi.o ABSOLUTE
    ../clib/angel/sys.s                      0x00000000   Number         0  indicate_semi.o ABSOLUTE
    ../clib/angel/sys.s                      0x00000000   Number         0  libspace.o ABSOLUTE
    ../clib/angel/sysapp.c                   0x00000000   Number         0  sys_command.o ABSOLUTE
    ../clib/angel/sysapp.c                   0x00000000   Number         0  sys_wrch.o ABSOLUTE
    ../clib/angel/sysapp.c                   0x00000000   Number         0  sys_exit.o ABSOLUTE
    ../clib/armsys.c                         0x00000000   Number         0  argv_veneer.o ABSOLUTE
    ../clib/armsys.c                         0x00000000   Number         0  argv_veneer.o ABSOLUTE
    ../clib/armsys.c                         0x00000000   Number         0  no_argv.o ABSOLUTE
    ../clib/armsys.c                         0x00000000   Number         0  _get_argv_nomalloc.o ABSOLUTE
    ../clib/heapalloc.c                      0x00000000   Number         0  hrguard.o ABSOLUTE
    ../clib/heapaux.c                        0x00000000   Number         0  heapauxi.o ABSOLUTE
    ../clib/libinit.s                        0x00000000   Number         0  libinit.o ABSOLUTE
    ../clib/libinit.s                        0x00000000   Number         0  libshutdown.o ABSOLUTE
    ../clib/libinit.s                        0x00000000   Number         0  libshutdown2.o ABSOLUTE
    ../clib/libinit.s                        0x00000000   Number         0  libinit2.o ABSOLUTE
    ../clib/memcpset.s                       0x00000000   Number         0  rt_memcpy_v6.o ABSOLUTE
    ../clib/memcpset.s                       0x00000000   Number         0  rt_memcpy_w.o ABSOLUTE
    ../clib/memcpset.s                       0x00000000   Number         0  rt_memclr_w.o ABSOLUTE
    ../clib/printf.c                         0x00000000   Number         0  __printf_flags_wp.o ABSOLUTE
    ../clib/printf.c                         0x00000000   Number         0  __printf_ss_wp.o ABSOLUTE
    ../clib/printf.c                         0x00000000   Number         0  __printf_flags_ss_wp.o ABSOLUTE
    ../clib/printf.c                         0x00000000   Number         0  noretval__2sprintf.o ABSOLUTE
    ../clib/printf.c                         0x00000000   Number         0  _sputc.o ABSOLUTE
    ../clib/printf.c                         0x00000000   Number         0  __printf.o ABSOLUTE
    ../clib/printf.c                         0x00000000   Number         0  __printf_wp.o ABSOLUTE
    ../clib/printf.c                         0x00000000   Number         0  __printf_nopercent.o ABSOLUTE
    ../clib/printf.c                         0x00000000   Number         0  _printf_dec.o ABSOLUTE
    ../clib/printf.c                         0x00000000   Number         0  _printf_char_common.o ABSOLUTE
    ../clib/printf.c                         0x00000000   Number         0  __printf_flags.o ABSOLUTE
    ../clib/printf.c                         0x00000000   Number         0  __printf_ss.o ABSOLUTE
    ../clib/printf.c                         0x00000000   Number         0  __printf_flags_ss.o ABSOLUTE
    ../clib/printf.c                         0x00000000   Number         0  _printf_intcommon.o ABSOLUTE
    ../clib/printf.c                         0x00000000   Number         0  __2sprintf.o ABSOLUTE
    ../clib/printf_percent.s                 0x00000000   Number         0  _printf_d.o ABSOLUTE
    ../clib/printf_percent.s                 0x00000000   Number         0  _printf_percent.o ABSOLUTE
    ../clib/printf_percent.s                 0x00000000   Number         0  _printf_percent_end.o ABSOLUTE
    ../clib/signal.c                         0x00000000   Number         0  defsig_fpe_inner.o ABSOLUTE
    ../clib/signal.c                         0x00000000   Number         0  defsig_other.o ABSOLUTE
    ../clib/signal.c                         0x00000000   Number         0  defsig_exit.o ABSOLUTE
    ../clib/signal.c                         0x00000000   Number         0  defsig_cppl_inner.o ABSOLUTE
    ../clib/signal.c                         0x00000000   Number         0  defsig_pvfn_inner.o ABSOLUTE
    ../clib/signal.c                         0x00000000   Number         0  defsig_stak_inner.o ABSOLUTE
    ../clib/signal.c                         0x00000000   Number         0  defsig_rtmem_formal.o ABSOLUTE
    ../clib/signal.c                         0x00000000   Number         0  defsig_rtmem_outer.o ABSOLUTE
    ../clib/signal.c                         0x00000000   Number         0  __raise.o ABSOLUTE
    ../clib/signal.c                         0x00000000   Number         0  defsig_rtmem_inner.o ABSOLUTE
    ../clib/signal.c                         0x00000000   Number         0  defsig_abrt_inner.o ABSOLUTE
    ../clib/signal.c                         0x00000000   Number         0  defsig_rtred_inner.o ABSOLUTE
    ../clib/signal.c                         0x00000000   Number         0  defsig_general.o ABSOLUTE
    ../clib/signal.c                         0x00000000   Number         0  defsig_segv_inner.o ABSOLUTE
    ../clib/signal.s                         0x00000000   Number         0  defsig.o ABSOLUTE
    ../clib/stdlib.c                         0x00000000   Number         0  exit.o ABSOLUTE
    ../fplib/daddsub.s                       0x00000000   Number         0  daddsub_clz.o ABSOLUTE
    ../fplib/dcmpi.s                         0x00000000   Number         0  dcmpi.o ABSOLUTE
    ../fplib/ddiv.s                          0x00000000   Number         0  ddiv.o ABSOLUTE
    ../fplib/deqf.s                          0x00000000   Number         0  deqf.o ABSOLUTE
    ../fplib/dfixu.s                         0x00000000   Number         0  dfixu.o ABSOLUTE
    ../fplib/dflt.s                          0x00000000   Number         0  dflt_clz.o ABSOLUTE
    ../fplib/dmul.s                          0x00000000   Number         0  dmul.o ABSOLUTE
    ../fplib/dnaninf.s                       0x00000000   Number         0  dnaninf.o ABSOLUTE
    ../fplib/dretinf.s                       0x00000000   Number         0  dretinf.o ABSOLUTE
    ../fplib/fpinit.s                        0x00000000   Number         0  fpinit.o ABSOLUTE
    ../fplib/usenofp.s                       0x00000000   Number         0  usenofp.o ABSOLUTE
    GLCD\AsciiLib.c                          0x00000000   Number         0  asciilib.o ABSOLUTE
    GLCD\GLCD.c                              0x00000000   Number         0  glcd.o ABSOLUTE
    GLCD\HzLib.c                             0x00000000   Number         0  hzlib.o ABSOLUTE
    GLCD\\GLCD.c                             0x00000000   Number         0  glcd.o ABSOLUTE
    RIT\IRQ_RIT.c                            0x00000000   Number         0  irq_rit.o ABSOLUTE
    RIT\\IRQ_RIT.c                           0x00000000   Number         0  irq_rit.o ABSOLUTE
    RIT\\lib_RIT.c                           0x00000000   Number         0  lib_rit.o ABSOLUTE
    RIT\lib_RIT.c                            0x00000000   Number         0  lib_rit.o ABSOLUTE
    TouchPanel\TouchPanel.c                  0x00000000   Number         0  touchpanel.o ABSOLUTE
    TouchPanel\\TouchPanel.c                 0x00000000   Number         0  touchpanel.o ABSOLUTE
    adc\IRQ_adc.c                            0x00000000   Number         0  irq_adc.o ABSOLUTE
    adc\\IRQ_adc.c                           0x00000000   Number         0  irq_adc.o ABSOLUTE
    adc\\lib_adc.c                           0x00000000   Number         0  lib_adc.o ABSOLUTE
    adc\lib_adc.c                            0x00000000   Number         0  lib_adc.o ABSOLUTE
    core_cm3.c                               0x00000000   Number         0  core_cm3.o ABSOLUTE
    core_cm3.c                               0x00000000   Number         0  core_cm3.o ABSOLUTE
    dc.s                                     0x00000000   Number         0  dc.o ABSOLUTE
    joystick\\funct_joystick.c               0x00000000   Number         0  funct_joystick.o ABSOLUTE
    joystick\\lib_joystick.c                 0x00000000   Number         0  lib_joystick.o ABSOLUTE
    joystick\funct_joystick.c                0x00000000   Number         0  funct_joystick.o ABSOLUTE
    joystick\lib_joystick.c                  0x00000000   Number         0  lib_joystick.o ABSOLUTE
    sample.c                                 0x00000000   Number         0  sample.o ABSOLUTE
    sample.c                                 0x00000000   Number         0  sample.o ABSOLUTE
    startup_LPC17xx.s                        0x00000000   Number         0  startup_lpc17xx.o ABSOLUTE
    system_LPC17xx.c                         0x00000000   Number         0  system_lpc17xx.o ABSOLUTE
    system_LPC17xx.c                         0x00000000   Number         0  system_lpc17xx.o ABSOLUTE
    timer\IRQ_timer.c                        0x00000000   Number         0  irq_timer.o ABSOLUTE
    timer\\IRQ_timer.c                       0x00000000   Number         0  irq_timer.o ABSOLUTE
    timer\\lib_timer.c                       0x00000000   Number         0  lib_timer.o ABSOLUTE
    timer\lib_timer.c                        0x00000000   Number         0  lib_timer.o ABSOLUTE
    !!!main                                  0x000000cc   Section        8  __main.o(!!!main)
    !!!scatter                               0x000000d4   Section       52  __scatter.o(!!!scatter)
    !!dclz77c                                0x00000108   Section      100  __dclz77c.o(!!dclz77c)
    !!handler_copy                           0x0000016c   Section       26  __scatter_copy.o(!!handler_copy)
    !!handler_zi                             0x00000188   Section       28  __scatter_zi.o(!!handler_zi)
    .ARM.Collect$$_printf_percent$$00000000  0x000001a4   Section        0  _printf_percent.o(.ARM.Collect$$_printf_percent$$00000000)
    .ARM.Collect$$_printf_percent$$00000009  0x000001a4   Section        6  _printf_d.o(.ARM.Collect$$_printf_percent$$00000009)
    .ARM.Collect$$_printf_percent$$00000017  0x000001aa   Section        4  _printf_percent_end.o(.ARM.Collect$$_printf_percent$$00000017)
    .ARM.Collect$$libinit$$00000000          0x000001ae   Section        2  libinit.o(.ARM.Collect$$libinit$$00000000)
    .ARM.Collect$$libinit$$00000002          0x000001b0   Section        0  libinit2.o(.ARM.Collect$$libinit$$00000002)
    .ARM.Collect$$libinit$$00000004          0x000001b0   Section        0  libinit2.o(.ARM.Collect$$libinit$$00000004)
    .ARM.Collect$$libinit$$0000000A          0x000001b0   Section        0  libinit2.o(.ARM.Collect$$libinit$$0000000A)
    .ARM.Collect$$libinit$$0000000C          0x000001b0   Section        0  libinit2.o(.ARM.Collect$$libinit$$0000000C)
    .ARM.Collect$$libinit$$0000000E          0x000001b0   Section        0  libinit2.o(.ARM.Collect$$libinit$$0000000E)
    .ARM.Collect$$libinit$$00000011          0x000001b0   Section        0  libinit2.o(.ARM.Collect$$libinit$$00000011)
    .ARM.Collect$$libinit$$00000013          0x000001b0   Section        0  libinit2.o(.ARM.Collect$$libinit$$00000013)
    .ARM.Collect$$libinit$$00000015          0x000001b0   Section        0  libinit2.o(.ARM.Collect$$libinit$$00000015)
    .ARM.Collect$$libinit$$00000017          0x000001b0   Section        0  libinit2.o(.ARM.Collect$$libinit$$00000017)
    .ARM.Collect$$libinit$$00000019          0x000001b0   Section        0  libinit2.o(.ARM.Collect$$libinit$$00000019)
    .ARM.Collect$$libinit$$0000001B          0x000001b0   Section        0  libinit2.o(.ARM.Collect$$libinit$$0000001B)
    .ARM.Collect$$libinit$$0000001D          0x000001b0   Section        0  libinit2.o(.ARM.Collect$$libinit$$0000001D)
    .ARM.Collect$$libinit$$0000001F          0x000001b0   Section        0  libinit2.o(.ARM.Collect$$libinit$$0000001F)
    .ARM.Collect$$libinit$$00000021          0x000001b0   Section        0  libinit2.o(.ARM.Collect$$libinit$$00000021)
    .ARM.Collect$$libinit$$00000023          0x000001b0   Section        0  libinit2.o(.ARM.Collect$$libinit$$00000023)
    .ARM.Collect$$libinit$$00000025          0x000001b0   Section        0  libinit2.o(.ARM.Collect$$libinit$$00000025)
    .ARM.Collect$$libinit$$0000002C          0x000001b0   Section        0  libinit2.o(.ARM.Collect$$libinit$$0000002C)
    .ARM.Collect$$libinit$$0000002E          0x000001b0   Section        0  libinit2.o(.ARM.Collect$$libinit$$0000002E)
    .ARM.Collect$$libinit$$00000030          0x000001b0   Section        0  libinit2.o(.ARM.Collect$$libinit$$00000030)
    .ARM.Collect$$libinit$$00000032          0x000001b0   Section        0  libinit2.o(.ARM.Collect$$libinit$$00000032)
    .ARM.Collect$$libinit$$00000033          0x000001b0   Section        2  libinit2.o(.ARM.Collect$$libinit$$00000033)
    .ARM.Collect$$libshutdown$$00000000      0x000001b2   Section        2  libshutdown.o(.ARM.Collect$$libshutdown$$00000000)
    .ARM.Collect$$libshutdown$$00000002      0x000001b4   Section        0  libshutdown2.o(.ARM.Collect$$libshutdown$$00000002)
    .ARM.Collect$$libshutdown$$00000004      0x000001b4   Section        0  libshutdown2.o(.ARM.Collect$$libshutdown$$00000004)
    .ARM.Collect$$libshutdown$$00000006      0x000001b4   Section        0  libshutdown2.o(.ARM.Collect$$libshutdown$$00000006)
    .ARM.Collect$$libshutdown$$00000009      0x000001b4   Section        0  libshutdown2.o(.ARM.Collect$$libshutdown$$00000009)
    .ARM.Collect$$libshutdown$$0000000C      0x000001b4   Section        0  libshutdown2.o(.ARM.Collect$$libshutdown$$0000000C)
    .ARM.Collect$$libshutdown$$0000000E      0x000001b4   Section        0  libshutdown2.o(.ARM.Collect$$libshutdown$$0000000E)
    .ARM.Collect$$libshutdown$$00000011      0x000001b4   Section        0  libshutdown2.o(.ARM.Collect$$libshutdown$$00000011)
    .ARM.Collect$$libshutdown$$00000012      0x000001b4   Section        2  libshutdown2.o(.ARM.Collect$$libshutdown$$00000012)
    .ARM.Collect$$rtentry$$00000000          0x000001b6   Section        0  __rtentry.o(.ARM.Collect$$rtentry$$00000000)
    .ARM.Collect$$rtentry$$00000002          0x000001b6   Section        0  __rtentry2.o(.ARM.Collect$$rtentry$$00000002)
    .ARM.Collect$$rtentry$$00000004          0x000001b6   Section        6  __rtentry4.o(.ARM.Collect$$rtentry$$00000004)
    .ARM.Collect$$rtentry$$00000009          0x000001bc   Section        0  __rtentry2.o(.ARM.Collect$$rtentry$$00000009)
    .ARM.Collect$$rtentry$$0000000A          0x000001bc   Section        4  __rtentry2.o(.ARM.Collect$$rtentry$$0000000A)
    .ARM.Collect$$rtentry$$0000000C          0x000001c0   Section        0  __rtentry2.o(.ARM.Collect$$rtentry$$0000000C)
    .ARM.Collect$$rtentry$$0000000D          0x000001c0   Section        8  __rtentry2.o(.ARM.Collect$$rtentry$$0000000D)
    .ARM.Collect$$rtexit$$00000000           0x000001c8   Section        2  rtexit.o(.ARM.Collect$$rtexit$$00000000)
    .ARM.Collect$$rtexit$$00000002           0x000001ca   Section        0  rtexit2.o(.ARM.Collect$$rtexit$$00000002)
    .ARM.Collect$$rtexit$$00000003           0x000001ca   Section        4  rtexit2.o(.ARM.Collect$$rtexit$$00000003)
    .ARM.Collect$$rtexit$$00000004           0x000001ce   Section        6  rtexit2.o(.ARM.Collect$$rtexit$$00000004)
    .text                                    0x000001d4   Section       52  startup_lpc17xx.o(.text)
    .text                                    0x00000208   Section        0  lib_joystick.o(.text)
    .text                                    0x0000022c   Section        0  asciilib.o(.text)
    .text                                    0x0000024c   Section        0  lib_rit.o(.text)
    .text                                    0x000002e0   Section        0  heapauxi.o(.text)
    .text                                    0x000002e6   Section        0  _sputc.o(.text)
    .text                                    0x000002f0   Section        8  libspace.o(.text)
    .text                                    0x000002f8   Section        2  use_no_semi.o(.text)
    .text                                    0x000002fa   Section        0  indicate_semi.o(.text)
    x$fpl$usenofp                            0x000002fa   Section        0  usenofp.o(x$fpl$usenofp)
    .ARM.__at_0x02FC                         0x000002fc   Section        4  startup_lpc17xx.o(.ARM.__at_0x02FC)
    .text                                    0x00000300   Section        0  sample.o(.text)
    .text                                    0x00000a34   Section        0  system_lpc17xx.o(.text)
    .text                                    0x00000c80   Section        0  irq_timer.o(.text)
    .text                                    0x000014b8   Section        0  lib_timer.o(.text)
    __NVIC_EnableIRQ                         0x000014b9   Thumb Code    34  lib_timer.o(.text)
    __NVIC_SetPriority                       0x000014db   Thumb Code    32  lib_timer.o(.text)
    .text                                    0x000017c0   Section        0  touchpanel.o(.text)
    ADS7843_SPI_Init                         0x000017d1   Thumb Code   128  touchpanel.o(.text)
    DelayUS                                  0x0000186f   Thumb Code    28  touchpanel.o(.text)
    WR_CMD                                   0x0000188b   Thumb Code    56  touchpanel.o(.text)
    RD_AD                                    0x000018c3   Thumb Code    42  touchpanel.o(.text)
    .text                                    0x00002140   Section        0  glcd.o(.text)
    LCD_Configuration                        0x00002141   Thumb Code    20  glcd.o(.text)
    wait_delay                               0x00002155   Thumb Code    12  glcd.o(.text)
    LCD_SetCursor                            0x00002161   Thumb Code  1356  glcd.o(.text)
    delay_ms                                 0x000026ad   Thumb Code    30  glcd.o(.text)
    LCD_BGR2RGB                              0x00005ba9   Thumb Code    26  glcd.o(.text)
    .text                                    0x00006278   Section        0  irq_rit.o(.text)
    .text                                    0x00006618   Section        0  irq_adc.o(.text)
    .text                                    0x000066a8   Section        0  lib_adc.o(.text)
    .text                                    0x00006714   Section        0  noretval__2sprintf.o(.text)
    .text                                    0x0000673c   Section        0  __printf.o(.text)
    .text                                    0x000067a4   Section        0  _printf_dec.o(.text)
    .text                                    0x0000681c   Section      138  rt_memcpy_v6.o(.text)
    .text                                    0x000068a6   Section       78  rt_memclr_w.o(.text)
    .text                                    0x000068f4   Section        0  _printf_intcommon.o(.text)
    .text                                    0x000069a8   Section        0  _printf_char_common.o(.text)
    _printf_input_char                       0x000069a9   Thumb Code    10  _printf_char_common.o(.text)
    .text                                    0x000069d8   Section      100  rt_memcpy_w.o(.text)
    .text                                    0x00006a3c   Section       74  sys_stackheap_outer.o(.text)
    .text                                    0x00006a86   Section        0  exit.o(.text)
    .text                                    0x00006a98   Section        0  sys_exit.o(.text)
    x$fpl$dadd                               0x00006aa4   Section      336  daddsub_clz.o(x$fpl$dadd)
    _dadd1                                   0x00006ab5   Thumb Code     0  daddsub_clz.o(x$fpl$dadd)
    x$fpl$dcmpinf                            0x00006bf4   Section       24  dcmpi.o(x$fpl$dcmpinf)
    x$fpl$ddiv                               0x00006c0c   Section      688  ddiv.o(x$fpl$ddiv)
    ddiv_entry                               0x00006c13   Thumb Code     0  ddiv.o(x$fpl$ddiv)
    x$fpl$deqf                               0x00006ebc   Section      120  deqf.o(x$fpl$deqf)
    x$fpl$dfixu                              0x00006f34   Section       90  dfixu.o(x$fpl$dfixu)
    x$fpl$dflt                               0x00006f8e   Section       46  dflt_clz.o(x$fpl$dflt)
    x$fpl$dfltu                              0x00006fbc   Section       38  dflt_clz.o(x$fpl$dfltu)
    x$fpl$dmul                               0x00006fe4   Section      340  dmul.o(x$fpl$dmul)
    x$fpl$dnaninf                            0x00007138   Section      156  dnaninf.o(x$fpl$dnaninf)
    x$fpl$dretinf                            0x000071d4   Section       12  dretinf.o(x$fpl$dretinf)
    x$fpl$dsub                               0x000071e0   Section      468  daddsub_clz.o(x$fpl$dsub)
    _dsub1                                   0x000071f1   Thumb Code     0  daddsub_clz.o(x$fpl$dsub)
    .constdata                               0x000073b4   Section     1520  asciilib.o(.constdata)
    AsciiLib                                 0x000073b4   Data        1520  asciilib.o(.constdata)
    .data                                    0x10000000   Section     2700  sample.o(.data)
    .data                                    0x2007c000   Section        5  system_lpc17xx.o(.data)
    .data                                    0x2007c008   Section      116  irq_timer.o(.data)
    ticks                                    0x2007c078   Data           4  irq_timer.o(.data)
    .data                                    0x2007c07c   Section       20  touchpanel.o(.data)
    screen                                   0x2007c08c   Data           4  touchpanel.o(.data)
    .data                                    0x2007c090   Section        1  glcd.o(.data)
    LCD_Code                                 0x2007c090   Data           1  glcd.o(.data)
    .data                                    0x2007c094   Section       68  irq_rit.o(.data)
    select                                   0x2007c0c4   Data           4  irq_rit.o(.data)
    J_down                                   0x2007c0c8   Data           4  irq_rit.o(.data)
    J_left                                   0x2007c0cc   Data           4  irq_rit.o(.data)
    J_right                                  0x2007c0d0   Data           4  irq_rit.o(.data)
    position                                 0x2007c0d4   Data           4  irq_rit.o(.data)
    .data                                    0x2007c0d8   Section        8  irq_adc.o(.data)
    .bss                                     0x2007c0e0   Section       10  irq_timer.o(.bss)
    .bss                                     0x2007c0f0   Section       68  touchpanel.o(.bss)
    .bss                                     0x2007c134   Section       96  libspace.o(.bss)
    HEAP                                     0x2007c198   Section        0  startup_lpc17xx.o(HEAP)
    STACK                                    0x2007c198   Section      512  startup_lpc17xx.o(STACK)
    Heap_Mem                                 0x2007c198   Data           0  startup_lpc17xx.o(HEAP)
    Stack_Mem                                0x2007c198   Data         512  startup_lpc17xx.o(STACK)
    __initial_sp                             0x2007c398   Data           0  startup_lpc17xx.o(STACK)

    Global Symbols

    Symbol Name                              Value     Ov Type        Size  Object(Section)

    BuildAttributes$$THM_ISAv4$P$D$K$B$S$PE$A:L22UL41UL21$X:L11$S22US41US21$IEEE1$IW$USESV6$~STKCKD$USESV7$~SHL$OSPACE$ROPI$EBA8$UX$STANDARDLIB$REQ8$PRES8$EABIv2 0x00000000   Number         0  anon$$obj.o ABSOLUTE
    __ARM_use_no_argv                        0x00000000   Number         0  sample.o ABSOLUTE
    __Vectors                                0x00000000   Data           4  startup_lpc17xx.o(RESET)
    __ARM_exceptions_init                     - Undefined Weak Reference
    __alloca_initialize                       - Undefined Weak Reference
    __arm_fini_                               - Undefined Weak Reference
    __arm_preinit_                            - Undefined Weak Reference
    __cpp_initialize__aeabi_                  - Undefined Weak Reference
    __cxa_finalize                            - Undefined Weak Reference
    __rt_locale                               - Undefined Weak Reference
    __sigvec_lookup                           - Undefined Weak Reference
    _atexit_init                              - Undefined Weak Reference
    _call_atexit_fns                          - Undefined Weak Reference
    _clock_init                               - Undefined Weak Reference
    _fp_trap_init                             - Undefined Weak Reference
    _fp_trap_shutdown                         - Undefined Weak Reference
    _get_lc_collate                           - Undefined Weak Reference
    _get_lc_ctype                             - Undefined Weak Reference
    _get_lc_monetary                          - Undefined Weak Reference
    _get_lc_numeric                           - Undefined Weak Reference
    _get_lc_time                              - Undefined Weak Reference
    _getenv_init                              - Undefined Weak Reference
    _handle_redirection                       - Undefined Weak Reference
    _init_alloc                               - Undefined Weak Reference
    _init_user_alloc                          - Undefined Weak Reference
    _initio                                   - Undefined Weak Reference
    _printf_post_padding                      - Undefined Weak Reference
    _printf_pre_padding                       - Undefined Weak Reference
    _printf_truncate_signed                   - Undefined Weak Reference
    _printf_truncate_unsigned                 - Undefined Weak Reference
    _rand_init                                - Undefined Weak Reference
    _signal_finish                            - Undefined Weak Reference
    _signal_init                              - Undefined Weak Reference
    _terminate_alloc                          - Undefined Weak Reference
    _terminate_user_alloc                     - Undefined Weak Reference
    _terminateio                              - Undefined Weak Reference
    __main                                   0x000000cd   Thumb Code     8  __main.o(!!!main)
    __scatterload                            0x000000d5   Thumb Code     0  __scatter.o(!!!scatter)
    __scatterload_rt2                        0x000000d5   Thumb Code    44  __scatter.o(!!!scatter)
    __scatterload_rt2_thumb_only             0x000000d5   Thumb Code     0  __scatter.o(!!!scatter)
    __scatterload_null                       0x000000e3   Thumb Code     0  __scatter.o(!!!scatter)
    __decompress                             0x00000109   Thumb Code   100  __dclz77c.o(!!dclz77c)
    __decompress2                            0x00000109   Thumb Code     0  __dclz77c.o(!!dclz77c)
    __scatterload_copy                       0x0000016d   Thumb Code    26  __scatter_copy.o(!!handler_copy)
    __scatterload_zeroinit                   0x00000189   Thumb Code    28  __scatter_zi.o(!!handler_zi)
    _printf_d                                0x000001a5   Thumb Code     0  _printf_d.o(.ARM.Collect$$_printf_percent$$00000009)
    _printf_percent                          0x000001a5   Thumb Code     0  _printf_percent.o(.ARM.Collect$$_printf_percent$$00000000)
    _printf_percent_end                      0x000001ab   Thumb Code     0  _printf_percent_end.o(.ARM.Collect$$_printf_percent$$00000017)
    __rt_lib_init                            0x000001af   Thumb Code     0  libinit.o(.ARM.Collect$$libinit$$00000000)
    __rt_lib_init_alloca_1                   0x000001b1   Thumb Code     0  libinit2.o(.ARM.Collect$$libinit$$0000002E)
    __rt_lib_init_argv_1                     0x000001b1   Thumb Code     0  libinit2.o(.ARM.Collect$$libinit$$0000002C)
    __rt_lib_init_atexit_1                   0x000001b1   Thumb Code     0  libinit2.o(.ARM.Collect$$libinit$$0000001B)
    __rt_lib_init_clock_1                    0x000001b1   Thumb Code     0  libinit2.o(.ARM.Collect$$libinit$$00000021)
    __rt_lib_init_cpp_1                      0x000001b1   Thumb Code     0  libinit2.o(.ARM.Collect$$libinit$$00000032)
    __rt_lib_init_exceptions_1               0x000001b1   Thumb Code     0  libinit2.o(.ARM.Collect$$libinit$$00000030)
    __rt_lib_init_fp_1                       0x000001b1   Thumb Code     0  libinit2.o(.ARM.Collect$$libinit$$00000002)
    __rt_lib_init_fp_trap_1                  0x000001b1   Thumb Code     0  libinit2.o(.ARM.Collect$$libinit$$0000001F)
    __rt_lib_init_getenv_1                   0x000001b1   Thumb Code     0  libinit2.o(.ARM.Collect$$libinit$$00000023)
    __rt_lib_init_heap_1                     0x000001b1   Thumb Code     0  libinit2.o(.ARM.Collect$$libinit$$0000000A)
    __rt_lib_init_lc_collate_1               0x000001b1   Thumb Code     0  libinit2.o(.ARM.Collect$$libinit$$00000011)
    __rt_lib_init_lc_ctype_1                 0x000001b1   Thumb Code     0  libinit2.o(.ARM.Collect$$libinit$$00000013)
    __rt_lib_init_lc_monetary_1              0x000001b1   Thumb Code     0  libinit2.o(.ARM.Collect$$libinit$$00000015)
    __rt_lib_init_lc_numeric_1               0x000001b1   Thumb Code     0  libinit2.o(.ARM.Collect$$libinit$$00000017)
    __rt_lib_init_lc_time_1                  0x000001b1   Thumb Code     0  libinit2.o(.ARM.Collect$$libinit$$00000019)
    __rt_lib_init_preinit_1                  0x000001b1   Thumb Code     0  libinit2.o(.ARM.Collect$$libinit$$00000004)
    __rt_lib_init_rand_1                     0x000001b1   Thumb Code     0  libinit2.o(.ARM.Collect$$libinit$$0000000E)
    __rt_lib_init_return                     0x000001b1   Thumb Code     0  libinit2.o(.ARM.Collect$$libinit$$00000033)
    __rt_lib_init_signal_1                   0x000001b1   Thumb Code     0  libinit2.o(.ARM.Collect$$libinit$$0000001D)
    __rt_lib_init_stdio_1                    0x000001b1   Thumb Code     0  libinit2.o(.ARM.Collect$$libinit$$00000025)
    __rt_lib_init_user_alloc_1               0x000001b1   Thumb Code     0  libinit2.o(.ARM.Collect$$libinit$$0000000C)
    __rt_lib_shutdown                        0x000001b3   Thumb Code     0  libshutdown.o(.ARM.Collect$$libshutdown$$00000000)
    __rt_lib_shutdown_cpp_1                  0x000001b5   Thumb Code     0  libshutdown2.o(.ARM.Collect$$libshutdown$$00000004)
    __rt_lib_shutdown_fini_1                 0x000001b5   Thumb Code     0  libshutdown2.o(.ARM.Collect$$libshutdown$$00000002)
    __rt_lib_shutdown_fp_trap_1              0x000001b5   Thumb Code     0  libshutdown2.o(.ARM.Collect$$libshutdown$$00000009)
    __rt_lib_shutdown_heap_1                 0x000001b5   Thumb Code     0  libshutdown2.o(.ARM.Collect$$libshutdown$$00000011)
    __rt_lib_shutdown_return                 0x000001b5   Thumb Code     0  libshutdown2.o(.ARM.Collect$$libshutdown$$00000012)
    __rt_lib_shutdown_signal_1               0x000001b5   Thumb Code     0  libshutdown2.o(.ARM.Collect$$libshutdown$$0000000C)
    __rt_lib_shutdown_stdio_1                0x000001b5   Thumb Code     0  libshutdown2.o(.ARM.Collect$$libshutdown$$00000006)
    __rt_lib_shutdown_user_alloc_1           0x000001b5   Thumb Code     0  libshutdown2.o(.ARM.Collect$$libshutdown$$0000000E)
    __rt_entry                               0x000001b7   Thumb Code     0  __rtentry.o(.ARM.Collect$$rtentry$$00000000)
    __rt_entry_presh_1                       0x000001b7   Thumb Code     0  __rtentry2.o(.ARM.Collect$$rtentry$$00000002)
    __rt_entry_sh                            0x000001b7   Thumb Code     0  __rtentry4.o(.ARM.Collect$$rtentry$$00000004)
    __rt_entry_li                            0x000001bd   Thumb Code     0  __rtentry2.o(.ARM.Collect$$rtentry$$0000000A)
    __rt_entry_postsh_1                      0x000001bd   Thumb Code     0  __rtentry2.o(.ARM.Collect$$rtentry$$00000009)
    __rt_entry_main                          0x000001c1   Thumb Code     0  __rtentry2.o(.ARM.Collect$$rtentry$$0000000D)
    __rt_entry_postli_1                      0x000001c1   Thumb Code     0  __rtentry2.o(.ARM.Collect$$rtentry$$0000000C)
    __rt_exit                                0x000001c9   Thumb Code     0  rtexit.o(.ARM.Collect$$rtexit$$00000000)
    __rt_exit_ls                             0x000001cb   Thumb Code     0  rtexit2.o(.ARM.Collect$$rtexit$$00000003)
    __rt_exit_prels_1                        0x000001cb   Thumb Code     0  rtexit2.o(.ARM.Collect$$rtexit$$00000002)
    __rt_exit_exit                           0x000001cf   Thumb Code     0  rtexit2.o(.ARM.Collect$$rtexit$$00000004)
    Reset_Handler                            0x000001d5   Thumb Code     4  startup_lpc17xx.o(.text)
    NMI_Handler                              0x000001d9   Thumb Code     2  startup_lpc17xx.o(.text)
    HardFault_Handler                        0x000001db   Thumb Code     2  startup_lpc17xx.o(.text)
    MemManage_Handler                        0x000001dd   Thumb Code     2  startup_lpc17xx.o(.text)
    BusFault_Handler                         0x000001df   Thumb Code     2  startup_lpc17xx.o(.text)
    UsageFault_Handler                       0x000001e1   Thumb Code     2  startup_lpc17xx.o(.text)
    SVC_Handler                              0x000001e3   Thumb Code     2  startup_lpc17xx.o(.text)
    DebugMon_Handler                         0x000001e5   Thumb Code     2  startup_lpc17xx.o(.text)
    PendSV_Handler                           0x000001e7   Thumb Code     2  startup_lpc17xx.o(.text)
    SysTick_Handler                          0x000001e9   Thumb Code     2  startup_lpc17xx.o(.text)
    BOD_IRQHandler                           0x000001eb   Thumb Code     0  startup_lpc17xx.o(.text)
    CANActivity_IRQHandler                   0x000001eb   Thumb Code     0  startup_lpc17xx.o(.text)
    CAN_IRQHandler                           0x000001eb   Thumb Code     0  startup_lpc17xx.o(.text)
    DMA_IRQHandler                           0x000001eb   Thumb Code     0  startup_lpc17xx.o(.text)
    EINT0_IRQHandler                         0x000001eb   Thumb Code     0  startup_lpc17xx.o(.text)
    EINT1_IRQHandler                         0x000001eb   Thumb Code     0  startup_lpc17xx.o(.text)
    EINT2_IRQHandler                         0x000001eb   Thumb Code     0  startup_lpc17xx.o(.text)
    EINT3_IRQHandler                         0x000001eb   Thumb Code     0  startup_lpc17xx.o(.text)
    ENET_IRQHandler                          0x000001eb   Thumb Code     0  startup_lpc17xx.o(.text)
    I2C0_IRQHandler                          0x000001eb   Thumb Code     0  startup_lpc17xx.o(.text)
    I2C1_IRQHandler                          0x000001eb   Thumb Code     0  startup_lpc17xx.o(.text)
    I2C2_IRQHandler                          0x000001eb   Thumb Code     0  startup_lpc17xx.o(.text)
    I2S_IRQHandler                           0x000001eb   Thumb Code     0  startup_lpc17xx.o(.text)
    MCPWM_IRQHandler                         0x000001eb   Thumb Code     0  startup_lpc17xx.o(.text)
    PLL0_IRQHandler                          0x000001eb   Thumb Code     0  startup_lpc17xx.o(.text)
    PLL1_IRQHandler                          0x000001eb   Thumb Code     0  startup_lpc17xx.o(.text)
    PWM1_IRQHandler                          0x000001eb   Thumb Code     0  startup_lpc17xx.o(.text)
    QEI_IRQHandler                           0x000001eb   Thumb Code     0  startup_lpc17xx.o(.text)
    RTC_IRQHandler                           0x000001eb   Thumb Code     0  startup_lpc17xx.o(.text)
    SPI_IRQHandler                           0x000001eb   Thumb Code     0  startup_lpc17xx.o(.text)
    SSP0_IRQHandler                          0x000001eb   Thumb Code     0  startup_lpc17xx.o(.text)
    SSP1_IRQHandler                          0x000001eb   Thumb Code     0  startup_lpc17xx.o(.text)
    UART0_IRQHandler                         0x000001eb   Thumb Code     0  startup_lpc17xx.o(.text)
    UART1_IRQHandler                         0x000001eb   Thumb Code     0  startup_lpc17xx.o(.text)
    UART2_IRQHandler                         0x000001eb   Thumb Code     0  startup_lpc17xx.o(.text)
    UART3_IRQHandler                         0x000001eb   Thumb Code     0  startup_lpc17xx.o(.text)
    USBActivity_IRQHandler                   0x000001eb   Thumb Code     0  startup_lpc17xx.o(.text)
    USB_IRQHandler                           0x000001eb   Thumb Code     0  startup_lpc17xx.o(.text)
    WDT_IRQHandler                           0x000001eb   Thumb Code     0  startup_lpc17xx.o(.text)
    __user_initial_stackheap                 0x000001ed   Thumb Code     0  startup_lpc17xx.o(.text)
    joystick_init                            0x00000209   Thumb Code    26  lib_joystick.o(.text)
    GetASCIICode                             0x0000022d   Thumb Code    26  asciilib.o(.text)
    enable_RIT                               0x0000024d   Thumb Code    14  lib_rit.o(.text)
    disable_RIT                              0x0000025b   Thumb Code    14  lib_rit.o(.text)
    reset_RIT                                0x00000269   Thumb Code     8  lib_rit.o(.text)
    init_RIT                                 0x00000271   Thumb Code    98  lib_rit.o(.text)
    __use_two_region_memory                  0x000002e1   Thumb Code     2  heapauxi.o(.text)
    __rt_heap_escrow$2region                 0x000002e3   Thumb Code     2  heapauxi.o(.text)
    __rt_heap_expand$2region                 0x000002e5   Thumb Code     2  heapauxi.o(.text)
    _sputc                                   0x000002e7   Thumb Code    10  _sputc.o(.text)
    __user_libspace                          0x000002f1   Thumb Code     8  libspace.o(.text)
    __user_perproc_libspace                  0x000002f1   Thumb Code     0  libspace.o(.text)
    __user_perthread_libspace                0x000002f1   Thumb Code     0  libspace.o(.text)
    __I$use$semihosting                      0x000002f9   Thumb Code     0  use_no_semi.o(.text)
    __use_no_semihosting_swi                 0x000002f9   Thumb Code     2  use_no_semi.o(.text)
    __I$use$fp                               0x000002fa   Number         0  usenofp.o(x$fpl$usenofp)
    __semihosting_library_function           0x000002fb   Thumb Code     0  indicate_semi.o(.text)
    drawVolumeIcon                           0x00000301   Thumb Code   118  sample.o(.text)
    drawT                                    0x00000377   Thumb Code   218  sample.o(.text)
    main                                     0x00000451   Thumb Code   406  sample.o(.text)
    drawFood                                 0x000005e7   Thumb Code   234  sample.o(.text)
    clearT                                   0x000006d1   Thumb Code   198  sample.o(.text)
    drawGuscio                               0x00000797   Thumb Code   116  sample.o(.text)
    clearGuscio                              0x0000080b   Thumb Code    98  sample.o(.text)
    drawbigT                                 0x0000086d   Thumb Code   118  sample.o(.text)
    clearbigT                                0x000008e3   Thumb Code   104  sample.o(.text)
    drawC                                    0x0000094b   Thumb Code   118  sample.o(.text)
    clearC                                   0x000009c1   Thumb Code   104  sample.o(.text)
    SystemInit                               0x00000a35   Thumb Code   552  system_lpc17xx.o(.text)
    TIMER0_IRQHandler                        0x00000c81   Thumb Code   544  irq_timer.o(.text)
    TIMER1_IRQHandler                        0x00000ea1   Thumb Code  1292  irq_timer.o(.text)
    TIMER2_IRQHandler                        0x000013ad   Thumb Code   118  irq_timer.o(.text)
    TIMER3_IRQHandler                        0x00001423   Thumb Code    62  irq_timer.o(.text)
    enable_timer                             0x000014fb   Thumb Code    44  lib_timer.o(.text)
    disable_timer                            0x00001527   Thumb Code    44  lib_timer.o(.text)
    reset_timer                              0x00001553   Thumb Code    62  lib_timer.o(.text)
    init_timer                               0x00001591   Thumb Code   540  lib_timer.o(.text)
    LPC17xx_SPI_SetSpeed                     0x000017c1   Thumb Code    16  touchpanel.o(.text)
    TP_Init                                  0x00001851   Thumb Code    30  touchpanel.o(.text)
    Read_X                                   0x000018ed   Thumb Code    42  touchpanel.o(.text)
    Read_Y                                   0x00001917   Thumb Code    42  touchpanel.o(.text)
    TP_GetAdXY                               0x00001941   Thumb Code    34  touchpanel.o(.text)
    TP_DrawPoint                             0x00001963   Thumb Code    20  touchpanel.o(.text)
    DrawCross                                0x00001977   Thumb Code   356  touchpanel.o(.text)
    DeleteCross                              0x00001adb   Thumb Code   350  touchpanel.o(.text)
    Read_Ads7846                             0x00001c39   Thumb Code   502  touchpanel.o(.text)
    setCalibrationMatrix                     0x00001e2f   Thumb Code   356  touchpanel.o(.text)
    getDisplayPoint                          0x00001f93   Thumb Code   262  touchpanel.o(.text)
    TouchPanel_Calibrate                     0x00002099   Thumb Code   120  touchpanel.o(.text)
    LCD_Initialization                       0x000026cb   Thumb Code 12014  glcd.o(.text)
    LCD_Clear                                0x000055b9   Thumb Code  1520  glcd.o(.text)
    LCD_GetPoint                             0x00005bc3   Thumb Code   994  glcd.o(.text)
    LCD_SetPoint                             0x00005fa5   Thumb Code   206  glcd.o(.text)
    LCD_DrawLine                             0x00006073   Thumb Code   250  glcd.o(.text)
    PutChar                                  0x0000616d   Thumb Code   100  glcd.o(.text)
    GUI_Text                                 0x000061d1   Thumb Code    80  glcd.o(.text)
    drawRect                                 0x00006221   Thumb Code    88  glcd.o(.text)
    RIT_IRQHandler                           0x00006279   Thumb Code   824  irq_rit.o(.text)
    ADC_IRQHandler                           0x00006619   Thumb Code   126  irq_adc.o(.text)
    ADC_init                                 0x000066a9   Thumb Code    76  lib_adc.o(.text)
    ADC_start_conversion                     0x000066f5   Thumb Code    14  lib_adc.o(.text)
    __2sprintf                               0x00006715   Thumb Code    34  noretval__2sprintf.o(.text)
    __printf                                 0x0000673d   Thumb Code   104  __printf.o(.text)
    _printf_int_dec                          0x000067a5   Thumb Code   104  _printf_dec.o(.text)
    __aeabi_memcpy                           0x0000681d   Thumb Code     0  rt_memcpy_v6.o(.text)
    __rt_memcpy                              0x0000681d   Thumb Code   138  rt_memcpy_v6.o(.text)
    _memcpy_lastbytes                        0x00006883   Thumb Code     0  rt_memcpy_v6.o(.text)
    __aeabi_memclr4                          0x000068a7   Thumb Code     0  rt_memclr_w.o(.text)
    __aeabi_memclr8                          0x000068a7   Thumb Code     0  rt_memclr_w.o(.text)
    __rt_memclr_w                            0x000068a7   Thumb Code    78  rt_memclr_w.o(.text)
    _memset_w                                0x000068ab   Thumb Code     0  rt_memclr_w.o(.text)
    _printf_int_common                       0x000068f5   Thumb Code   178  _printf_intcommon.o(.text)
    _printf_char_common                      0x000069b3   Thumb Code    32  _printf_char_common.o(.text)
    __aeabi_memcpy4                          0x000069d9   Thumb Code     0  rt_memcpy_w.o(.text)
    __aeabi_memcpy8                          0x000069d9   Thumb Code     0  rt_memcpy_w.o(.text)
    __rt_memcpy_w                            0x000069d9   Thumb Code   100  rt_memcpy_w.o(.text)
    _memcpy_lastbytes_aligned                0x00006a21   Thumb Code     0  rt_memcpy_w.o(.text)
    __user_setup_stackheap                   0x00006a3d   Thumb Code    74  sys_stackheap_outer.o(.text)
    exit                                     0x00006a87   Thumb Code    18  exit.o(.text)
    _sys_exit                                0x00006a99   Thumb Code     8  sys_exit.o(.text)
    __aeabi_dadd                             0x00006aa5   Thumb Code     0  daddsub_clz.o(x$fpl$dadd)
    _dadd                                    0x00006aa5   Thumb Code   332  daddsub_clz.o(x$fpl$dadd)
    __fpl_dcmp_Inf                           0x00006bf5   Thumb Code    24  dcmpi.o(x$fpl$dcmpinf)
    __aeabi_ddiv                             0x00006c0d   Thumb Code     0  ddiv.o(x$fpl$ddiv)
    _ddiv                                    0x00006c0d   Thumb Code   552  ddiv.o(x$fpl$ddiv)
    __aeabi_cdcmpeq                          0x00006ebd   Thumb Code     0  deqf.o(x$fpl$deqf)
    _dcmpeq                                  0x00006ebd   Thumb Code   120  deqf.o(x$fpl$deqf)
    __aeabi_d2uiz                            0x00006f35   Thumb Code     0  dfixu.o(x$fpl$dfixu)
    _dfixu                                   0x00006f35   Thumb Code    90  dfixu.o(x$fpl$dfixu)
    __aeabi_i2d                              0x00006f8f   Thumb Code     0  dflt_clz.o(x$fpl$dflt)
    _dflt                                    0x00006f8f   Thumb Code    46  dflt_clz.o(x$fpl$dflt)
    __aeabi_ui2d                             0x00006fbd   Thumb Code     0  dflt_clz.o(x$fpl$dfltu)
    _dfltu                                   0x00006fbd   Thumb Code    38  dflt_clz.o(x$fpl$dfltu)
    __aeabi_dmul                             0x00006fe5   Thumb Code     0  dmul.o(x$fpl$dmul)
    _dmul                                    0x00006fe5   Thumb Code   332  dmul.o(x$fpl$dmul)
    __fpl_dnaninf                            0x00007139   Thumb Code   156  dnaninf.o(x$fpl$dnaninf)
    __fpl_dretinf                            0x000071d5   Thumb Code    12  dretinf.o(x$fpl$dretinf)
    __aeabi_dsub                             0x000071e1   Thumb Code     0  daddsub_clz.o(x$fpl$dsub)
    _dsub                                    0x000071e1   Thumb Code   464  daddsub_clz.o(x$fpl$dsub)
    Region$$Table$$Base                      0x000079a4   Number         0  anon$$obj.o(Region$$Table)
    Region$$Table$$Limit                     0x000079d4   Number         0  anon$$obj.o(Region$$Table)
    tartaruga1                               0x10000000   Data         476  sample.o(.data)
    tartaruga2                               0x100001dc   Data         476  sample.o(.data)
    meal                                     0x100003b8   Data         390  sample.o(.data)
    snack                                    0x1000053e   Data         360  sample.o(.data)
    guscio                                   0x100006a6   Data         782  sample.o(.data)
    cuore                                    0x100009b4   Data          84  sample.o(.data)
    volume                                   0x10000a08   Data         110  sample.o(.data)
    happiness                                0x10000a78   Data           4  sample.o(.data)
    satiety                                  0x10000a7c   Data           4  sample.o(.data)
    ore                                      0x10000a80   Data           4  sample.o(.data)
    minuti                                   0x10000a84   Data           4  sample.o(.data)
    secondi                                  0x10000a88   Data           4  sample.o(.data)
    SystemFrequency                          0x2007c000   Data           4  system_lpc17xx.o(.data)
    ScaleFlag                                0x2007c004   Data           1  system_lpc17xx.o(.data)
    type                                     0x2007c008   Data           4  irq_timer.o(.data)
    seq                                      0x2007c00c   Data           4  irq_timer.o(.data)
    not_dead                                 0x2007c010   Data           4  irq_timer.o(.data)
    cuddle                                   0x2007c014   Data           4  irq_timer.o(.data)
    animation                                0x2007c018   Data           4  irq_timer.o(.data)
    SinTable                                 0x2007c01c   Data          90  irq_timer.o(.data)
    display                                  0x2007c07c   Data           4  touchpanel.o(.data)
    DisplaySample                            0x2007c080   Data          12  touchpanel.o(.data)
    down                                     0x2007c094   Data           4  irq_rit.o(.data)
    prolunga                                 0x2007c098   Data           4  irq_rit.o(.data)
    selected                                 0x2007c09c   Data           4  irq_rit.o(.data)
    freqs                                    0x2007c0a0   Data          32  irq_rit.o(.data)
    timerset                                 0x2007c0c0   Data           4  irq_rit.o(.data)
    AD_current                               0x2007c0d8   Data           2  irq_adc.o(.data)
    AD_last                                  0x2007c0da   Data           2  irq_adc.o(.data)
    volume_bar                               0x2007c0dc   Data           4  irq_adc.o(.data)
    tempo                                    0x2007c0e0   Data          10  irq_timer.o(.bss)
    matrix                                   0x2007c0f0   Data          56  touchpanel.o(.bss)
    ScreenSample                             0x2007c128   Data          12  touchpanel.o(.bss)
    __libspace_start                         0x2007c134   Data          96  libspace.o(.bss)
    __temporary_stack_top$libspace           0x2007c194   Data           0  libspace.o(.bss)



==============================================================================

Memory Map of the image

  Image Entry point : 0x000000cd

  Load Region LR_IROM1 (Base: 0x00000000, Size: 0x00008540, Max: 0x00080000, ABSOLUTE, COMPRESSED[0x00007c84])

    Execution Region ER_IROM1 (Exec base: 0x00000000, Load base: 0x00000000, Size: 0x000079d4, Max: 0x00080000, ABSOLUTE)

    Exec Addr    Load Addr    Size         Type   Attr      Idx    E Section Name        Object

    0x00000000   0x00000000   0x000000cc   Data   RO            3    RESET               startup_lpc17xx.o
    0x000000cc   0x000000cc   0x00000008   Code   RO          536  * !!!main             c_w.l(__main.o)
    0x000000d4   0x000000d4   0x00000034   Code   RO          739    !!!scatter          c_w.l(__scatter.o)
    0x00000108   0x00000108   0x00000064   Code   RO          737    !!dclz77c           c_w.l(__dclz77c.o)
    0x0000016c   0x0000016c   0x0000001a   Code   RO          741    !!handler_copy      c_w.l(__scatter_copy.o)
    0x00000186   0x00000186   0x00000002   PAD
    0x00000188   0x00000188   0x0000001c   Code   RO          743    !!handler_zi        c_w.l(__scatter_zi.o)
    0x000001a4   0x000001a4   0x00000000   Code   RO          529    .ARM.Collect$$_printf_percent$$00000000  c_w.l(_printf_percent.o)
    0x000001a4   0x000001a4   0x00000006   Code   RO          528    .ARM.Collect$$_printf_percent$$00000009  c_w.l(_printf_d.o)
    0x000001aa   0x000001aa   0x00000004   Code   RO          569    .ARM.Collect$$_printf_percent$$00000017  c_w.l(_printf_percent_end.o)
    0x000001ae   0x000001ae   0x00000002   Code   RO          605    .ARM.Collect$$libinit$$00000000  c_w.l(libinit.o)
    0x000001b0   0x000001b0   0x00000000   Code   RO          612    .ARM.Collect$$libinit$$00000002  c_w.l(libinit2.o)
    0x000001b0   0x000001b0   0x00000000   Code   RO          614    .ARM.Collect$$libinit$$00000004  c_w.l(libinit2.o)
    0x000001b0   0x000001b0   0x00000000   Code   RO          617    .ARM.Collect$$libinit$$0000000A  c_w.l(libinit2.o)
    0x000001b0   0x000001b0   0x00000000   Code   RO          619    .ARM.Collect$$libinit$$0000000C  c_w.l(libinit2.o)
    0x000001b0   0x000001b0   0x00000000   Code   RO          621    .ARM.Collect$$libinit$$0000000E  c_w.l(libinit2.o)
    0x000001b0   0x000001b0   0x00000000   Code   RO          624    .ARM.Collect$$libinit$$00000011  c_w.l(libinit2.o)
    0x000001b0   0x000001b0   0x00000000   Code   RO          626    .ARM.Collect$$libinit$$00000013  c_w.l(libinit2.o)
    0x000001b0   0x000001b0   0x00000000   Code   RO          628    .ARM.Collect$$libinit$$00000015  c_w.l(libinit2.o)
    0x000001b0   0x000001b0   0x00000000   Code   RO          630    .ARM.Collect$$libinit$$00000017  c_w.l(libinit2.o)
    0x000001b0   0x000001b0   0x00000000   Code   RO          632    .ARM.Collect$$libinit$$00000019  c_w.l(libinit2.o)
    0x000001b0   0x000001b0   0x00000000   Code   RO          634    .ARM.Collect$$libinit$$0000001B  c_w.l(libinit2.o)
    0x000001b0   0x000001b0   0x00000000   Code   RO          636    .ARM.Collect$$libinit$$0000001D  c_w.l(libinit2.o)
    0x000001b0   0x000001b0   0x00000000   Code   RO          638    .ARM.Collect$$libinit$$0000001F  c_w.l(libinit2.o)
    0x000001b0   0x000001b0   0x00000000   Code   RO          640    .ARM.Collect$$libinit$$00000021  c_w.l(libinit2.o)
    0x000001b0   0x000001b0   0x00000000   Code   RO          642    .ARM.Collect$$libinit$$00000023  c_w.l(libinit2.o)
    0x000001b0   0x000001b0   0x00000000   Code   RO          644    .ARM.Collect$$libinit$$00000025  c_w.l(libinit2.o)
    0x000001b0   0x000001b0   0x00000000   Code   RO          648    .ARM.Collect$$libinit$$0000002C  c_w.l(libinit2.o)
    0x000001b0   0x000001b0   0x00000000   Code   RO          650    .ARM.Collect$$libinit$$0000002E  c_w.l(libinit2.o)
    0x000001b0   0x000001b0   0x00000000   Code   RO          652    .ARM.Collect$$libinit$$00000030  c_w.l(libinit2.o)
    0x000001b0   0x000001b0   0x00000000   Code   RO          654    .ARM.Collect$$libinit$$00000032  c_w.l(libinit2.o)
    0x000001b0   0x000001b0   0x00000002   Code   RO          655    .ARM.Collect$$libinit$$00000033  c_w.l(libinit2.o)
    0x000001b2   0x000001b2   0x00000002   Code   RO          675    .ARM.Collect$$libshutdown$$00000000  c_w.l(libshutdown.o)
    0x000001b4   0x000001b4   0x00000000   Code   RO          688    .ARM.Collect$$libshutdown$$00000002  c_w.l(libshutdown2.o)
    0x000001b4   0x000001b4   0x00000000   Code   RO          690    .ARM.Collect$$libshutdown$$00000004  c_w.l(libshutdown2.o)
    0x000001b4   0x000001b4   0x00000000   Code   RO          692    .ARM.Collect$$libshutdown$$00000006  c_w.l(libshutdown2.o)
    0x000001b4   0x000001b4   0x00000000   Code   RO          695    .ARM.Collect$$libshutdown$$00000009  c_w.l(libshutdown2.o)
    0x000001b4   0x000001b4   0x00000000   Code   RO          698    .ARM.Collect$$libshutdown$$0000000C  c_w.l(libshutdown2.o)
    0x000001b4   0x000001b4   0x00000000   Code   RO          700    .ARM.Collect$$libshutdown$$0000000E  c_w.l(libshutdown2.o)
    0x000001b4   0x000001b4   0x00000000   Code   RO          703    .ARM.Collect$$libshutdown$$00000011  c_w.l(libshutdown2.o)
    0x000001b4   0x000001b4   0x00000002   Code   RO          704    .ARM.Collect$$libshutdown$$00000012  c_w.l(libshutdown2.o)
    0x000001b6   0x000001b6   0x00000000   Code   RO          562    .ARM.Collect$$rtentry$$00000000  c_w.l(__rtentry.o)
    0x000001b6   0x000001b6   0x00000000   Code   RO          580    .ARM.Collect$$rtentry$$00000002  c_w.l(__rtentry2.o)
    0x000001b6   0x000001b6   0x00000006   Code   RO          592    .ARM.Collect$$rtentry$$00000004  c_w.l(__rtentry4.o)
    0x000001bc   0x000001bc   0x00000000   Code   RO          582    .ARM.Collect$$rtentry$$00000009  c_w.l(__rtentry2.o)
    0x000001bc   0x000001bc   0x00000004   Code   RO          583    .ARM.Collect$$rtentry$$0000000A  c_w.l(__rtentry2.o)
    0x000001c0   0x000001c0   0x00000000   Code   RO          585    .ARM.Collect$$rtentry$$0000000C  c_w.l(__rtentry2.o)
    0x000001c0   0x000001c0   0x00000008   Code   RO          586    .ARM.Collect$$rtentry$$0000000D  c_w.l(__rtentry2.o)
    0x000001c8   0x000001c8   0x00000002   Code   RO          609    .ARM.Collect$$rtexit$$00000000  c_w.l(rtexit.o)
    0x000001ca   0x000001ca   0x00000000   Code   RO          657    .ARM.Collect$$rtexit$$00000002  c_w.l(rtexit2.o)
    0x000001ca   0x000001ca   0x00000004   Code   RO          658    .ARM.Collect$$rtexit$$00000003  c_w.l(rtexit2.o)
    0x000001ce   0x000001ce   0x00000006   Code   RO          659    .ARM.Collect$$rtexit$$00000004  c_w.l(rtexit2.o)
    0x000001d4   0x000001d4   0x00000034   Code   RO            5    .text               startup_lpc17xx.o
    0x00000208   0x00000208   0x00000024   Code   RO          286    .text               lib_joystick.o
    0x0000022c   0x0000022c   0x00000020   Code   RO          307    .text               asciilib.o
    0x0000024c   0x0000024c   0x00000094   Code   RO          413    .text               lib_rit.o
    0x000002e0   0x000002e0   0x00000006   Code   RO          534    .text               c_w.l(heapauxi.o)
    0x000002e6   0x000002e6   0x0000000a   Code   RO          567    .text               c_w.l(_sputc.o)
    0x000002f0   0x000002f0   0x00000008   Code   RO          606    .text               c_w.l(libspace.o)
    0x000002f8   0x000002f8   0x00000002   Code   RO          678    .text               c_w.l(use_no_semi.o)
    0x000002fa   0x000002fa   0x00000000   Code   RO          680    .text               c_w.l(indicate_semi.o)
    0x000002fa   0x000002fa   0x00000000   Code   RO          578    x$fpl$usenofp       fz_ws.l(usenofp.o)
    0x000002fa   0x000002fa   0x00000002   PAD
    0x000002fc   0x000002fc   0x00000004   Code   RO            4    .ARM.__at_0x02FC    startup_lpc17xx.o
    0x00000300   0x00000300   0x00000734   Code   RO           16    .text               sample.o
    0x00000a34   0x00000a34   0x0000024c   Code   RO          110    .text               system_lpc17xx.o
    0x00000c80   0x00000c80   0x00000838   Code   RO          144    .text               irq_timer.o
    0x000014b8   0x000014b8   0x00000308   Code   RO          200    .text               lib_timer.o
    0x000017c0   0x000017c0   0x00000980   Code   RO          228    .text               touchpanel.o
    0x00002140   0x00002140   0x00004138   Code   RO          327    .text               glcd.o
    0x00006278   0x00006278   0x000003a0   Code   RO          373    .text               irq_rit.o
    0x00006618   0x00006618   0x00000090   Code   RO          441    .text               irq_adc.o
    0x000066a8   0x000066a8   0x0000006c   Code   RO          477    .text               lib_adc.o
    0x00006714   0x00006714   0x00000028   Code   RO          502    .text               c_w.l(noretval__2sprintf.o)
    0x0000673c   0x0000673c   0x00000068   Code   RO          504    .text               c_w.l(__printf.o)
    0x000067a4   0x000067a4   0x00000078   Code   RO          506    .text               c_w.l(_printf_dec.o)
    0x0000681c   0x0000681c   0x0000008a   Code   RO          530    .text               c_w.l(rt_memcpy_v6.o)
    0x000068a6   0x000068a6   0x0000004e   Code   RO          532    .text               c_w.l(rt_memclr_w.o)
    0x000068f4   0x000068f4   0x000000b2   Code   RO          563    .text               c_w.l(_printf_intcommon.o)
    0x000069a6   0x000069a6   0x00000002   PAD
    0x000069a8   0x000069a8   0x00000030   Code   RO          565    .text               c_w.l(_printf_char_common.o)
    0x000069d8   0x000069d8   0x00000064   Code   RO          570    .text               c_w.l(rt_memcpy_w.o)
    0x00006a3c   0x00006a3c   0x0000004a   Code   RO          596    .text               c_w.l(sys_stackheap_outer.o)
    0x00006a86   0x00006a86   0x00000012   Code   RO          598    .text               c_w.l(exit.o)
    0x00006a98   0x00006a98   0x0000000c   Code   RO          667    .text               c_w.l(sys_exit.o)
    0x00006aa4   0x00006aa4   0x00000150   Code   RO          538    x$fpl$dadd          fz_ws.l(daddsub_clz.o)
    0x00006bf4   0x00006bf4   0x00000018   Code   RO          572    x$fpl$dcmpinf       fz_ws.l(dcmpi.o)
    0x00006c0c   0x00006c0c   0x000002b0   Code   RO          545    x$fpl$ddiv          fz_ws.l(ddiv.o)
    0x00006ebc   0x00006ebc   0x00000078   Code   RO          548    x$fpl$deqf          fz_ws.l(deqf.o)
    0x00006f34   0x00006f34   0x0000005a   Code   RO          550    x$fpl$dfixu         fz_ws.l(dfixu.o)
    0x00006f8e   0x00006f8e   0x0000002e   Code   RO          555    x$fpl$dflt          fz_ws.l(dflt_clz.o)
    0x00006fbc   0x00006fbc   0x00000026   Code   RO          554    x$fpl$dfltu         fz_ws.l(dflt_clz.o)
    0x00006fe2   0x00006fe2   0x00000002   PAD
    0x00006fe4   0x00006fe4   0x00000154   Code   RO          560    x$fpl$dmul          fz_ws.l(dmul.o)
    0x00007138   0x00007138   0x0000009c   Code   RO          574    x$fpl$dnaninf       fz_ws.l(dnaninf.o)
    0x000071d4   0x000071d4   0x0000000c   Code   RO          576    x$fpl$dretinf       fz_ws.l(dretinf.o)
    0x000071e0   0x000071e0   0x000001d4   Code   RO          540    x$fpl$dsub          fz_ws.l(daddsub_clz.o)
    0x000073b4   0x000073b4   0x000005f0   Data   RO          308    .constdata          asciilib.o
    0x000079a4   0x000079a4   0x00000030   Data   RO          735    Region$$Table       anon$$obj.o


    Execution Region RW_IRAM1 (Exec base: 0x10000000, Load base: 0x000079d4, Size: 0x00000a8c, Max: 0x00008000, ABSOLUTE, COMPRESSED[0x000001d0])

    Exec Addr    Load Addr    Size         Type   Attr      Idx    E Section Name        Object

    0x10000000   COMPRESSED   0x00000a8c   Data   RW           17    .data               sample.o


    Execution Region RW_IRAM2 (Exec base: 0x2007c000, Load base: 0x00007ba4, Size: 0x00000398, Max: 0x00008000, ABSOLUTE)

    Exec Addr    Load Addr    Size         Type   Attr      Idx    E Section Name        Object

    0x2007c000   0x00007ba4   0x00000005   Data   RW          111    .data               system_lpc17xx.o
    0x2007c005   0x00007ba9   0x00000003   PAD
    0x2007c008   0x00007bac   0x00000074   Data   RW          146    .data               irq_timer.o
    0x2007c07c   0x00007c20   0x00000014   Data   RW          230    .data               touchpanel.o
    0x2007c090   0x00007c34   0x00000001   Data   RW          328    .data               glcd.o
    0x2007c091   0x00007c35   0x00000003   PAD
    0x2007c094   0x00007c38   0x00000044   Data   RW          374    .data               irq_rit.o
    0x2007c0d8   0x00007c7c   0x00000008   Data   RW          442    .data               irq_adc.o
    0x2007c0e0        -       0x0000000a   Zero   RW          145    .bss                irq_timer.o
    0x2007c0ea   0x00007c84   0x00000006   PAD
    0x2007c0f0        -       0x00000044   Zero   RW          229    .bss                touchpanel.o
    0x2007c134        -       0x00000060   Zero   RW          607    .bss                c_w.l(libspace.o)
    0x2007c194   0x00007c84   0x00000004   PAD
    0x2007c198        -       0x00000000   Zero   RW            2    HEAP                startup_lpc17xx.o
    0x2007c198        -       0x00000200   Zero   RW            1    STACK               startup_lpc17xx.o


==============================================================================

Image component sizes


      Code (inc. data)   RO Data    RW Data    ZI Data      Debug   Object Name

        32          6       1520          0          0        943   asciilib.o
     16696        106          0          1          0      40416   glcd.o
       144         18          0          8          0        769   irq_adc.o
       928        104          0         68          0       2006   irq_rit.o
      2104        176          0        116         10      20116   irq_timer.o
       108         18          0          0          0        684   lib_adc.o
        36         10          0          0          0        400   lib_joystick.o
       148         14          0          0          0      27375   lib_rit.o
       776         20          0          0          0       2068   lib_timer.o
      1844        110          0       2700          0      10389   sample.o
        56         22        204          0        512        952   startup_lpc17xx.o
       588         36          0          5          0        849   system_lpc17xx.o
      2432         72          0         20         68       6050   touchpanel.o

    ----------------------------------------------------------------------
     25892        712       1772       2924        596     113017   Object Totals
         0          0         48          0          0          0   (incl. Generated)
         0          0          0          6          6          0   (incl. Padding)

    ----------------------------------------------------------------------

      Code (inc. data)   RO Data    RW Data    ZI Data      Debug   Library Member Name

       100          0          0          0          0          0   __dclz77c.o
         8          0          0          0          0         68   __main.o
       104          0          0          0          0         84   __printf.o
         0          0          0          0          0          0   __rtentry.o
        12          0          0          0          0          0   __rtentry2.o
         6          0          0          0          0          0   __rtentry4.o
        52          8          0          0          0          0   __scatter.o
        26          0          0          0          0          0   __scatter_copy.o
        28          0          0          0          0          0   __scatter_zi.o
        48          6          0          0          0         96   _printf_char_common.o
         6          0          0          0          0          0   _printf_d.o
       120         16          0          0          0         92   _printf_dec.o
       178          0          0          0          0         88   _printf_intcommon.o
         0          0          0          0          0          0   _printf_percent.o
         4          0          0          0          0          0   _printf_percent_end.o
        10          0          0          0          0         68   _sputc.o
        18          0          0          0          0         80   exit.o
         6          0          0          0          0        152   heapauxi.o
         0          0          0          0          0          0   indicate_semi.o
         2          0          0          0          0          0   libinit.o
         2          0          0          0          0          0   libinit2.o
         2          0          0          0          0          0   libshutdown.o
         2          0          0          0          0          0   libshutdown2.o
         8          4          0          0         96         68   libspace.o
        40          6          0          0          0         84   noretval__2sprintf.o
        78          0          0          0          0         80   rt_memclr_w.o
       138          0          0          0          0         68   rt_memcpy_v6.o
       100          0          0          0          0         80   rt_memcpy_w.o
         2          0          0          0          0          0   rtexit.o
        10          0          0          0          0          0   rtexit2.o
        12          4          0          0          0         68   sys_exit.o
        74          0          0          0          0         80   sys_stackheap_outer.o
         2          0          0          0          0         68   use_no_semi.o
       804         16          0          0          0        272   daddsub_clz.o
        24          0          0          0          0         68   dcmpi.o
       688        140          0          0          0        208   ddiv.o
       120          4          0          0          0         92   deqf.o
        90          4          0          0          0         92   dfixu.o
        84          0          0          0          0        136   dflt_clz.o
       340         12          0          0          0        104   dmul.o
       156          4          0          0          0         92   dnaninf.o
        12          0          0          0          0         68   dretinf.o
         0          0          0          0          0          0   usenofp.o

    ----------------------------------------------------------------------
      3524        224          0          0        100       2456   Library Totals
         8          0          0          0          4          0   (incl. Padding)

    ----------------------------------------------------------------------

      Code (inc. data)   RO Data    RW Data    ZI Data      Debug   Library Name

      1198         44          0          0         96       1324   c_w.l
      2318        180          0          0          0       1132   fz_ws.l

    ----------------------------------------------------------------------
      3524        224          0          0        100       2456   Library Totals

    ----------------------------------------------------------------------

==============================================================================


      Code (inc. data)   RO Data    RW Data    ZI Data      Debug   

     29416        936       1772       2924        696     113613   Grand Totals
     29416        936       1772        688        696     113613   ELF Image Totals (compressed)
     29416        936       1772        688          0          0   ROM Totals

==============================================================================

    Total RO  Size (Code + RO Data)                31188 (  30.46kB)
    Total RW  Size (RW Data + ZI Data)              3620 (   3.54kB)
    Total ROM Size (Code + RO Data + RW Data)      31876 (  31.13kB)

==============================================================================

