<html>
<body>
<pre>
<h1>µVision Build Log</h1>
<h2>Tool Versions:</h2>
IDE-Version: µVision V5.36.0.0
Copyright (C) 2021 ARM Ltd and ARM Germany GmbH. All rights reserved.
License Information: Labinf Dauin Politecnico di Torino Flex license: MDK Professional 5.36 (Flex) (mdk_pro) Operation stops: 10 Mar 2024
 
Tool Versions:
Toolchain:       MDK Professional 5.36 (Flex)  Version: 5.36.0.0
Toolchain Path:  C:\Keil_v5\ARM\ARMCC\Bin
C Compiler:      Armcc.exe V5.06 update 7 (build 960)
Assembler:       Armasm.exe V5.06 update 7 (build 960)
Linker/Locator:  ArmLink.exe V5.06 update 7 (build 960)
Library Manager: ArmAr.exe V5.06 update 7 (build 960)
Hex Converter:   FromElf.exe V5.06 update 7 (build 960)
CPU DLL:         SARMCM3.DLL V5.36.0.0
Dialog DLL:      DARMP1.DLL V1.27.0.0
Target DLL:      UL2CM3.DLL V1.164.0.0
Dialog DLL:      TARMP1.DLL V1.26.0.0
 
<h2>Project:</h2>
Z:\extra_point2\extra_point2\sample.uvprojx
Project File Date:  01/10/2023

<h2>Output:</h2>
*** Using Compiler 'V5.06 update 7 (build 960)', folder: 'C:\Keil_v5\ARM\ARMCC\Bin'
Rebuild target 'Target 1'
assembling startup_LPC17xx.s...
compiling core_cm3.c...
compiling system_LPC17xx.c...
compiling IRQ_timer.c...
timer\IRQ_timer.c(29): warning:  #21-D: type qualifiers are meaningless in this declaration
  volatile enum DogType{alive1,alive2,dead};
timer\IRQ_timer.c(84): warning:  #167-D: argument of type "volatile char *" is incompatible with parameter of type "uint8_t *"
  		GUI_Text(90,30,tempo,Black,White);
timer\IRQ_timer.c: 2 warnings, 0 errors
compiling lib_timer.c...
compiling sample.c...
sample.c(393): warning:  #1-D: last line of file ends without a newline
  }
sample.c: 1 warning, 0 errors
compiling TouchPanel.c...
compiling funct_joystick.c...
compiling AsciiLib.c...
compiling lib_joystick.c...
compiling lib_RIT.c...
compiling IRQ_RIT.c...
RIT\IRQ_RIT.c(42): warning:  #21-D: type qualifiers are meaningless in this declaration
  volatile enum DogType{alive1,alive2,dead};
RIT\IRQ_RIT.c(48): warning:  #177-D: variable "position"  was declared but never referenced
  	static int position=0;	
RIT\IRQ_RIT.c: 2 warnings, 0 errors
compiling HzLib.c...
compiling IRQ_adc.c...
compiling GLCD.c...
compiling lib_adc.c...
linking...
Program Size: Code=29416 RO-data=1772 RW-data=2924 ZI-data=696  
".\sample.axf" - 0 Error(s), 5 Warning(s).

<h2>Software Packages used:</h2>

Package Vendor: ARM
                http://www.keil.com/pack/ARM.CMSIS.5.8.0.pack
                ARM.CMSIS.5.8.0
                CMSIS (Common Microcontroller Software Interface Standard)
   * Component: CORE Version: 5.5.0

Package Vendor: Keil
                http://www.keil.com/pack/Keil.LPC1700_DFP.2.7.1.pack
                Keil.LPC1700_DFP.2.7.1
                NXP LPC1700 Series Device Support, Drivers and Examples for MCB1700 and LPC1788-32

<h2>Collection of Component include folders:</h2>
  .\RTE\_Target_1
  C:\Keil_v5\ARM\PACK\ARM\CMSIS\5.8.0\CMSIS\Core\Include
  C:\Keil_v5\ARM\PACK\Keil\LPC1700_DFP\2.7.1\Device\Include

<h2>Collection of Component Files used:</h2>

   * Component: ARM::CMSIS:CORE:5.5.0
Build Time Elapsed:  00:00:26
</pre>
</body>
</html>
